Oct-07 17:54:51.870 [main] DEBUG nextflow.cli.Launcher - $> nextflow -log ./logs/nextflow.log run main.nf -profile stub,docker -stub-run -resume -params-file ./assets/params.yml --index ./assets/data/index/ --outdir ./results
Oct-07 17:54:51.918 [main] DEBUG nextflow.cli.CmdRun - N E X T F L O W  ~  version 26.04.6
Oct-07 17:54:51.943 [main] DEBUG nextflow.plugin.PluginsFacade - Setting up plugin manager > mode=prod; embedded=false; plugins-dir=/Users/andreperez/.nextflow/plugins; core-plugins: nf-amazon@3.9.2,nf-azure@1.22.6,nf-cloudcache@0.6.0,nf-codecommit@0.5.3,nf-console@1.3.0,nf-google@1.27.3,nf-k8s@1.5.4,nf-seqera@0.21.1,nf-tower@1.28.2,nf-wave@1.21.0
Oct-07 17:54:51.970 [main] INFO  o.pf4j.DefaultPluginStatusProvider - Enabled plugins: []
Oct-07 17:54:51.971 [main] INFO  o.pf4j.DefaultPluginStatusProvider - Disabled plugins: []
Oct-07 17:54:51.974 [main] INFO  org.pf4j.DefaultPluginManager - PF4J version 3.14.1 in 'deployment' mode
Oct-07 17:54:51.986 [main] DEBUG nextflow.util.RetryConfig - Missing nextflow session - using default retry config
Oct-07 17:54:52.094 [main] DEBUG nextflow.plugin.PluginUpdater - Using plugin repository: HttpPluginRepository [registry]; url=https://registry.nextflow.io/api
Oct-07 17:54:52.097 [main] INFO  org.pf4j.AbstractPluginManager - No plugins
Oct-07 17:54:52.142 [main] DEBUG nextflow.config.ConfigBuilder - Found config local: /Users/andreperez/Code/research/nfcore/pira/nextflow.config
Oct-07 17:54:52.144 [main] DEBUG nextflow.config.ConfigBuilder - Parsing config file: /Users/andreperez/Code/research/nfcore/pira/nextflow.config
Oct-07 17:54:52.146 [main] DEBUG nextflow.config.ConfigParserFactory - Using config parser v2
Oct-07 17:54:52.159 [main] DEBUG nextflow.config.ConfigBuilder - Applying config profile: `stub,docker`
Oct-07 17:54:53.003 [main] DEBUG nextflow.config.ConfigBuilder - Available config profiles: [debug, conda, mamba, docker, arm64, emulate_amd64, singularity, podman, shifter, charliecloud, apptainer, wave, gpu, ci, test, stub, test_full, abims, adcra, alice, alliance_canada, apollo, arcc, aws_tower, awsbatch, azurebatch, bi, bigpurple, bih, binac2, biohpc_gen, biowulf, bluebear, cambridge, cannon, cbe, ccga_dx, ccga_cau, ceci_dragon2, ceci_nic5, cedars, ceres, cfc, cfc_dev, cheaha, computerome, create, crg, crick, cropdiversityhpc, crukmi, csiro_petrichor, czbiohub_aws, daisybio, denbi_qbic, dkfz, dirac, ebc, eddie, ebi_codon, ebi_codon_slurm, einstein, embl_hd, engaging, ethz_euler, eva, eva_grace, fgcz, fred_hutch, fsu_draco, fub_curta, genotoul, genouest, giga, gis, googlebatch, hasta, hazel, hki_genie, hypatia, humantechnopole, icr_alma, ifb_core, imb, imperial, incliva, ipop_up, iris, janelia, jax, jex, unsw_katana, ku_sund_danhead, kaust, kelvin2, ki_luria, leicester, lovelace, lrz_cm4, lugh, m3c, maestro, mahuika, mana, marjorie, marvin, mccleary, mcw_rcc, medair, mjolnir_globe, mpcdf, mpcdf_viper, mssm, munin, naiss, nci_gadi, nu_genomics, nygc, nyu_hpc, oist, palmetto, pasteur, pawsey_setonix, pdc_kth, phoenix, psmn, purdue_bell, purdue_gautschi, purdue_negishi, qmul_apocrita, rki, rosalind, rosalind_uge, roslin, saga_sigma2, sage, sahmri, sanger, ilifu, seadragon, seattlechildrens, seawulf, seg_globe, self_hosted_runner, shu_bmrc, stjude, tes, tigem, tubingen_apg, tufts, tuos_stanage, ucd_sonic, ucl_cscluster, ucl_myriad, uct_hpc, uge, unc_lccc, unc_longleaf, unibe_ibu, unity, uod_hpc, uppmax, utd_juno, uw_hyak_pedslabs, uzh, uzl_omics, vai, verily_workbench, vsc_calcua, vsc_kul_uhasselt, vsc_ugent, wehi, xanadu, york_viking]
Oct-07 17:54:53.009 [main] WARN  nextflow.config.ConfigBuilder - It appears you have never run this project before -- Option `-resume` is ignored
Oct-07 17:54:53.046 [main] DEBUG nextflow.plugin.PluginsFacade - Plugins declared=[nf-schema@2.5.1]
Oct-07 17:54:53.046 [main] DEBUG nextflow.plugin.PluginsFacade - Plugins default=[]
Oct-07 17:54:53.047 [main] DEBUG nextflow.plugin.PluginsFacade - Plugins resolved requirement=[nf-schema@2.5.1]
Oct-07 17:54:53.048 [main] DEBUG nextflow.plugin.PluginUpdater - Installing plugin nf-schema version: 2.5.1
Oct-07 17:54:53.059 [main] INFO  org.pf4j.AbstractPluginManager - Plugin 'nf-schema@2.5.1' resolved
Oct-07 17:54:53.059 [main] INFO  org.pf4j.AbstractPluginManager - Start plugin 'nf-schema@2.5.1'
Oct-07 17:54:53.065 [main] DEBUG nextflow.plugin.BasePlugin - Plugin started nf-schema@2.5.1
Oct-07 17:54:53.071 [main] DEBUG n.secret.LocalSecretsProvider - Secrets store: /Users/andreperez/.nextflow/secrets/store.json
Oct-07 17:54:53.073 [main] DEBUG nextflow.secret.SecretsLoader - Discovered secrets providers: [nextflow.secret.LocalSecretsProvider@2dc39b53] - activable => nextflow.secret.LocalSecretsProvider@2dc39b53
Oct-07 17:54:53.084 [main] DEBUG nextflow.cli.CmdRun - Launching `main.nf` [fabulous_kalam] - revision: b6e03cfef0
Oct-07 17:54:53.086 [main] ERROR org.pf4j.AbstractExtensionFinder - Different class loaders: 'org.pf4j.PluginClassLoader@35025a0a' (E) and 'jdk.internal.loader.ClassLoaders$AppClassLoader@764c12b6' (EP)
Oct-07 17:54:53.103 [main] WARN  nextflow.config.ConfigValidator - Unrecognized config option 'validation.defaultIgnoreParams'
Oct-07 17:54:53.103 [main] WARN  nextflow.config.ConfigValidator - Unrecognized config option 'validation.monochromeLogs'
Oct-07 17:54:53.139 [main] DEBUG nextflow.Session - Session UUID: ee5d36a9-ba01-4f77-aa97-4f93140d08d6
Oct-07 17:54:53.139 [main] DEBUG nextflow.Session - Run name: fabulous_kalam
Oct-07 17:54:53.140 [main] DEBUG nextflow.Session - Executor pool size: 10
Oct-07 17:54:53.146 [main] DEBUG nextflow.file.FilePorter - File porter settings maxRetries=3; maxTransfers=50; pollTimeout=null
Oct-07 17:54:53.150 [main] DEBUG nextflow.util.ThreadPoolBuilder - Creating thread pool 'FileTransfer' minSize=10; maxSize=30; workQueue=LinkedBlockingQueue[-1]; allowCoreThreadTimeout=false
Oct-07 17:54:53.168 [main] DEBUG nextflow.cli.CmdRun - 
  Version: 26.04.6 build 12646
  Created: 09-07-2026 18:49 UTC (20:49 CEST)
  System: Mac OS X 26.4
  Runtime: Groovy 4.0.31 on OpenJDK 64-Bit Server VM 23.0.2
  Encoding: UTF-8 (UTF-8)
  Process: 2899@SUMUP-PNQKRXG5W0 [192.168.0.115]
  CPUs: 10 - Mem: 32 GB (84.3 MB) - Swap: 7 GB (827.7 MB)
Oct-07 17:54:53.178 [main] DEBUG nextflow.Session - Work-dir: /Users/andreperez/Code/research/nfcore/pira/work [Mac OS X]
Oct-07 17:54:53.204 [main] DEBUG nextflow.executor.ExecutorFactory - Extension executors providers=[]
Oct-07 17:54:53.211 [main] DEBUG nextflow.Session - Observer factory (v2): LinObserverFactory
Oct-07 17:54:53.212 [main] DEBUG nextflow.Session - Observer factory (v2): DefaultObserverFactory
Oct-07 17:54:53.223 [main] DEBUG nextflow.Session - Observer factory (v2): ValidationObserverFactory
Oct-07 17:54:53.252 [main] DEBUG nextflow.cache.CacheFactory - Using Nextflow cache factory: nextflow.cache.DefaultCacheFactory
Oct-07 17:54:53.259 [main] DEBUG nextflow.util.CustomThreadPool - Creating default thread pool > poolSize: 11; maxThreads: 1000
Oct-07 17:54:53.308 [main] DEBUG nextflow.Session - Session start
Oct-07 17:54:53.319 [main] DEBUG nextflow.trace.TraceFileObserver - Workflow started -- trace file: ./results/pipeline_info/execution_trace_2026-10-07_17-54-52.txt
Oct-07 17:54:53.321 [main] DEBUG nextflow.script.ScriptLoaderFactory - Using script parser v2
Oct-07 17:54:55.386 [main] DEBUG nextflow.script.ScriptRunner - > Launching execution
Oct-07 17:54:55.592 [main] DEBUG nextflow.script.IncludeDef - Loading included plugin extensions with names: [paramsSummaryMap:paramsSummaryMap]; plugin Id: nf-schema
Oct-07 17:54:55.600 [main] DEBUG n.validation.config.ValidationConfig - Set `validation.monochromeLogs` to false
Oct-07 17:54:55.602 [main] DEBUG n.validation.config.ValidationConfig - Added the following parameters to the ignored parameters: [genomes]
Oct-07 17:54:55.613 [main] DEBUG nextflow.script.IncludeDef - Loading included plugin extensions with names: [paramsSummaryLog:paramsSummaryLog]; plugin Id: nf-schema
Oct-07 17:54:55.613 [main] DEBUG nextflow.script.IncludeDef - Loading included plugin extensions with names: [validateParameters:validateParameters]; plugin Id: nf-schema
Oct-07 17:54:55.614 [main] DEBUG nextflow.script.IncludeDef - Loading included plugin extensions with names: [paramsHelp:paramsHelp]; plugin Id: nf-schema
Oct-07 17:54:55.615 [main] DEBUG nextflow.script.IncludeDef - Loading included plugin extensions with names: [paramsSummaryMap:paramsSummaryMap]; plugin Id: nf-schema
Oct-07 17:54:55.620 [main] DEBUG nextflow.script.IncludeDef - Loading included plugin extensions with names: [paramsSummaryMap:paramsSummaryMap]; plugin Id: nf-schema
Oct-07 17:54:55.671 [main] INFO  nextflow.Nextflow - 
-[2m----------------------------------------------------[0m-
                                        [0;32m,--.[0;30m/[0;32m,-.[0m
[0;34m        ___     __   __   __   ___     [0;32m/,-._.--~'[0m
[0;34m  |\ | |__  __ /  ` /  \ |__) |__         [0;33m}  {[0m
[0;34m  | \| |       \__, \__/ |  \ |___     [0;32m\`-._,-`-,[0m
                                        [0;32m`._,._,'[0m
[0;35m  nf-core/pira 1.0.0dev[0m
-[2m----------------------------------------------------[0m-

Oct-07 17:54:55.697 [main] INFO  nextflow.Nextflow - [1mInput/output options[0m
  [0;34minput                     : [0;32m./assets/samplesheet.csv[0m
  [0;34mwith_fastq                : [0;32mtrue[0m
  [0;34mwith_twopass              : [0;32mtrue[0m
  [0;34mwith_transcriptassembly   : [0;32mtrue[0m
  [0;34mwith_novelss              : [0;32mtrue[0m
  [0;34moutdir                    : [0;32m./results[0m

[1mReference genome options[0m
  [0;34mfasta                     : [0;32m./assets/data/test.fasta[0m
  [0;34mgtf                       : [0;32m./assets/data/test.gtf[0m
  [0;34mindex                     : [0;32m./assets/data/index/[0m

[1mInstitutional config options[0m
  [0;34mconfig_profile_name       : [0;32mStub test profile[0m
  [0;34mconfig_profile_description: [0;32mMinimal test dataset to check pipeline function[0m

[1mGeneric options[0m
  [0;34mtrace_report_suffix       : [0;32m2026-10-07_17-54-52[0m

[1mCore Nextflow options[0m
  [0;34mrunName                   : [0;32mfabulous_kalam[0m
  [0;34mcontainerEngine           : [0;32mdocker[0m
  [0;34mlaunchDir                 : [0;32m/Users/andreperez/Code/research/nfcore/pira[0m
  [0;34mworkDir                   : [0;32m/Users/andreperez/Code/research/nfcore/pira/work[0m
  [0;34mprojectDir                : [0;32m/Users/andreperez/Code/research/nfcore/pira[0m
  [0;34muserName                  : [0;32mandreperez[0m
  [0;34mprofile                   : [0;32mstub,docker[0m
  [0;34mconfigFiles               : [0;32m/Users/andreperez/Code/research/nfcore/pira/nextflow.config[0m

!! Only displaying parameters that differ from the pipeline defaults !!
-[2m----------------------------------------------------[0m-
Oct-07 17:54:55.698 [main] INFO  nextflow.Nextflow - 
* The nf-core framework
    https://doi.org/10.1038/s41587-020-0439-x

* Software dependencies
    https://github.com/nf-core/pira/blob/master/CITATIONS.md

Oct-07 17:54:55.703 [main] DEBUG n.v.parameters.ParameterValidator - Starting parameters validation
Oct-07 17:54:55.806 [main] DEBUG n.v.v.evaluators.SchemaEvaluator - Started validating /Users/andreperez/Code/research/nfcore/pira/assets/samplesheet.csv
Oct-07 17:54:55.846 [main] DEBUG n.v.v.evaluators.SchemaEvaluator - Validation of file './assets/samplesheet.csv' passed!
Oct-07 17:54:55.856 [main] DEBUG n.v.parameters.ParameterValidator - Finishing parameters validation
Oct-07 17:54:55.858 [main] WARN  nextflow.Nextflow - nf-core pipelines do not accept positional arguments. The positional argument `true` has been detected.
HINT: A common mistake is to provide multiple values separated by spaces e.g. `-profile test, docker`.

Oct-07 17:54:55.909 [main] DEBUG n.script.dsl.ProcessConfigBuilder - Config settings `withLabel:process_low` matches labels `process_low` for process with name NFCORE_PIRA:PIRA:GENOME_BED:BED
Oct-07 17:54:55.911 [main] DEBUG n.script.dsl.ProcessConfigBuilder - Config settings `withName:NFCORE_PIRA:PIRA:GENOME_BED:BED` matches process NFCORE_PIRA:PIRA:GENOME_BED:BED
Oct-07 17:54:55.914 [main] DEBUG nextflow.executor.ExecutorFactory - << taskConfig executor: null
Oct-07 17:54:55.915 [main] DEBUG nextflow.executor.ExecutorFactory - >> processorType: 'local'
Oct-07 17:54:55.921 [main] DEBUG nextflow.executor.Executor - [warm up] executor > local
Oct-07 17:54:55.925 [main] DEBUG n.processor.LocalPollingMonitor - Creating local task monitor for executor 'local' > cpus=10; memory=32 GB; capacity=10; pollInterval=100ms; dumpInterval=5m
Oct-07 17:54:55.927 [main] DEBUG n.processor.TaskPollingMonitor - >>> barrier register (monitor: local)
Oct-07 17:54:55.951 [main] DEBUG nextflow.processor.TaskProcessor - Creating process 'NFCORE_PIRA:PIRA:GENOME_BED:BED': maxForks=0; fair=false; array=0
Oct-07 17:54:55.979 [main] DEBUG n.script.dsl.ProcessConfigBuilder - Config settings `withLabel:process_medium` matches labels `process_medium` for process with name NFCORE_PIRA:PIRA:CTRL1:FASTP
Oct-07 17:54:55.980 [main] DEBUG nextflow.executor.ExecutorFactory - << taskConfig executor: null
Oct-07 17:54:55.980 [main] DEBUG nextflow.executor.ExecutorFactory - >> processorType: 'local'
Oct-07 17:54:55.980 [main] DEBUG nextflow.processor.TaskProcessor - Creating process 'NFCORE_PIRA:PIRA:CTRL1:FASTP': maxForks=0; fair=false; array=0
Oct-07 17:54:56.012 [main] DEBUG n.script.dsl.ProcessConfigBuilder - Config settings `withLabel:process_high` matches labels `process_high` for process with name NFCORE_PIRA:PIRA:ALIGNMENT:STAR_ALIGN
Oct-07 17:54:56.013 [main] DEBUG n.script.dsl.ProcessConfigBuilder - Config settings `withName:NFCORE_PIRA:PIRA:ALIGNMENT:STAR_ALIGN` matches process NFCORE_PIRA:PIRA:ALIGNMENT:STAR_ALIGN
Oct-07 17:54:56.014 [main] DEBUG nextflow.executor.ExecutorFactory - << taskConfig executor: null
Oct-07 17:54:56.015 [main] DEBUG nextflow.executor.ExecutorFactory - >> processorType: 'local'
Oct-07 17:54:56.015 [main] DEBUG nextflow.processor.TaskProcessor - Creating process 'NFCORE_PIRA:PIRA:ALIGNMENT:STAR_ALIGN': maxForks=0; fair=false; array=0
Oct-07 17:54:56.034 [main] DEBUG n.script.dsl.ProcessConfigBuilder - Config settings `withLabel:process_single` matches labels `process_single` for process with name NFCORE_PIRA:PIRA:ALIGNMENT_SPLICING_JUNCTION:SJ_FILTER
Oct-07 17:54:56.035 [main] DEBUG nextflow.executor.ExecutorFactory - << taskConfig executor: null
Oct-07 17:54:56.035 [main] DEBUG nextflow.executor.ExecutorFactory - >> processorType: 'local'
Oct-07 17:54:56.035 [main] DEBUG nextflow.processor.TaskProcessor - Creating process 'NFCORE_PIRA:PIRA:ALIGNMENT_SPLICING_JUNCTION:SJ_FILTER': maxForks=0; fair=false; array=0
Oct-07 17:54:56.055 [main] DEBUG n.script.dsl.ProcessConfigBuilder - Config settings `withLabel:process_high` matches labels `process_high` for process with name NFCORE_PIRA:PIRA:ALIGNMENT_DENOVO:STAR_ALIGN
Oct-07 17:54:56.056 [main] DEBUG n.script.dsl.ProcessConfigBuilder - Config settings `withName:NFCORE_PIRA:PIRA:ALIGNMENT_DENOVO:STAR_ALIGN` matches process NFCORE_PIRA:PIRA:ALIGNMENT_DENOVO:STAR_ALIGN
Oct-07 17:54:56.057 [main] DEBUG nextflow.executor.ExecutorFactory - << taskConfig executor: null
Oct-07 17:54:56.057 [main] DEBUG nextflow.executor.ExecutorFactory - >> processorType: 'local'
Oct-07 17:54:56.058 [main] DEBUG nextflow.processor.TaskProcessor - Creating process 'NFCORE_PIRA:PIRA:ALIGNMENT_DENOVO:STAR_ALIGN': maxForks=0; fair=false; array=0
Oct-07 17:54:56.076 [main] DEBUG n.script.dsl.ProcessConfigBuilder - Config settings `withLabel:process_single` matches labels `process_single` for process with name NFCORE_PIRA:PIRA:CTRL2:SAMTOOLS_STATS
Oct-07 17:54:56.077 [main] DEBUG nextflow.executor.ExecutorFactory - << taskConfig executor: null
Oct-07 17:54:56.078 [main] DEBUG nextflow.executor.ExecutorFactory - >> processorType: 'local'
Oct-07 17:54:56.078 [main] DEBUG nextflow.processor.TaskProcessor - Creating process 'NFCORE_PIRA:PIRA:CTRL2:SAMTOOLS_STATS': maxForks=0; fair=false; array=0
Oct-07 17:54:56.082 [main] DEBUG n.script.dsl.ProcessConfigBuilder - Config settings `withLabel:process_low` matches labels `process_low` for process with name NFCORE_PIRA:PIRA:CTRL2:SAMTOOLS_INDEX
Oct-07 17:54:56.084 [main] DEBUG nextflow.executor.ExecutorFactory - << taskConfig executor: null
Oct-07 17:54:56.084 [main] DEBUG nextflow.executor.ExecutorFactory - >> processorType: 'local'
Oct-07 17:54:56.085 [main] DEBUG nextflow.processor.TaskProcessor - Creating process 'NFCORE_PIRA:PIRA:CTRL2:SAMTOOLS_INDEX': maxForks=0; fair=false; array=0
Oct-07 17:54:56.101 [main] DEBUG n.script.dsl.ProcessConfigBuilder - Config settings `withLabel:process_medium` matches labels `process_medium` for process with name NFCORE_PIRA:PIRA:CTRL3:RSEQC_INFEREXPERIMENT
Oct-07 17:54:56.102 [main] DEBUG nextflow.executor.ExecutorFactory - << taskConfig executor: null
Oct-07 17:54:56.102 [main] DEBUG nextflow.executor.ExecutorFactory - >> processorType: 'local'
Oct-07 17:54:56.103 [main] DEBUG nextflow.processor.TaskProcessor - Creating process 'NFCORE_PIRA:PIRA:CTRL3:RSEQC_INFEREXPERIMENT': maxForks=0; fair=false; array=0
Oct-07 17:54:56.106 [main] DEBUG n.script.dsl.ProcessConfigBuilder - Config settings `withLabel:process_single` matches labels `process_single` for process with name NFCORE_PIRA:PIRA:CTRL3:STRANDEDNESS
Oct-07 17:54:56.107 [main] DEBUG nextflow.executor.ExecutorFactory - << taskConfig executor: null
Oct-07 17:54:56.107 [main] DEBUG nextflow.executor.ExecutorFactory - >> processorType: 'local'
Oct-07 17:54:56.108 [main] DEBUG nextflow.processor.TaskProcessor - Creating process 'NFCORE_PIRA:PIRA:CTRL3:STRANDEDNESS': maxForks=0; fair=false; array=0
Oct-07 17:54:56.118 [main] DEBUG n.script.dsl.ProcessConfigBuilder - Config settings `withLabel:process_single` matches labels `process_single` for process with name NFCORE_PIRA:PIRA:TRANSCRIPT_PRE:STRINGTIE_CLEAN
Oct-07 17:54:56.120 [main] DEBUG nextflow.executor.ExecutorFactory - << taskConfig executor: null
Oct-07 17:54:56.120 [main] DEBUG nextflow.executor.ExecutorFactory - >> processorType: 'local'
Oct-07 17:54:56.120 [main] DEBUG nextflow.processor.TaskProcessor - Creating process 'NFCORE_PIRA:PIRA:TRANSCRIPT_PRE:STRINGTIE_CLEAN': maxForks=0; fair=false; array=0
Oct-07 17:54:56.147 [main] DEBUG n.script.dsl.ProcessConfigBuilder - Config settings `withLabel:process_medium` matches labels `process_medium` for process with name NFCORE_PIRA:PIRA:TRANSCRIPT_ASSEMBLY:STRINGTIE_STRINGTIE
Oct-07 17:54:56.148 [main] DEBUG nextflow.executor.ExecutorFactory - << taskConfig executor: null
Oct-07 17:54:56.148 [main] DEBUG nextflow.executor.ExecutorFactory - >> processorType: 'local'
Oct-07 17:54:56.149 [main] DEBUG nextflow.processor.TaskProcessor - Creating process 'NFCORE_PIRA:PIRA:TRANSCRIPT_ASSEMBLY:STRINGTIE_STRINGTIE': maxForks=0; fair=false; array=0
Oct-07 17:54:56.166 [main] DEBUG n.script.dsl.ProcessConfigBuilder - Config settings `withLabel:process_medium` matches labels `process_medium` for process with name NFCORE_PIRA:PIRA:TRANSCRIPT_MERGE:STRINGTIE_MERGE
Oct-07 17:54:56.167 [main] DEBUG n.script.dsl.ProcessConfigBuilder - Config settings `withName:NFCORE_PIRA:PIRA:TRANSCRIPT_MERGE:STRINGTIE_MERGE` matches process NFCORE_PIRA:PIRA:TRANSCRIPT_MERGE:STRINGTIE_MERGE
Oct-07 17:54:56.167 [main] DEBUG nextflow.executor.ExecutorFactory - << taskConfig executor: null
Oct-07 17:54:56.167 [main] DEBUG nextflow.executor.ExecutorFactory - >> processorType: 'local'
Oct-07 17:54:56.168 [main] DEBUG nextflow.processor.TaskProcessor - Creating process 'NFCORE_PIRA:PIRA:TRANSCRIPT_MERGE:STRINGTIE_MERGE': maxForks=0; fair=false; array=0
Oct-07 17:54:56.181 [main] DEBUG n.script.dsl.ProcessConfigBuilder - Config settings `withLabel:process_single` matches labels `process_single` for process with name NFCORE_PIRA:PIRA:SPLICING_LENGTH:RMATS_LENGTH
Oct-07 17:54:56.183 [main] DEBUG nextflow.executor.ExecutorFactory - << taskConfig executor: null
Oct-07 17:54:56.183 [main] DEBUG nextflow.executor.ExecutorFactory - >> processorType: 'local'
Oct-07 17:54:56.184 [main] DEBUG nextflow.processor.TaskProcessor - Creating process 'NFCORE_PIRA:PIRA:SPLICING_LENGTH:RMATS_LENGTH': maxForks=0; fair=false; array=0
Oct-07 17:54:56.217 [main] DEBUG n.script.dsl.ProcessConfigBuilder - Config settings `withLabel:process_medium` matches labels `process_medium` for process with name NFCORE_PIRA:PIRA:SPLICING_PRE_WITH_NSS:RMATS_PRE
Oct-07 17:54:56.218 [main] DEBUG n.script.dsl.ProcessConfigBuilder - Config settings `withName:NFCORE_PIRA:PIRA:SPLICING_PRE_WITH_NSS:RMATS_PRE` matches process NFCORE_PIRA:PIRA:SPLICING_PRE_WITH_NSS:RMATS_PRE
Oct-07 17:54:56.218 [main] DEBUG nextflow.executor.ExecutorFactory - << taskConfig executor: null
Oct-07 17:54:56.218 [main] DEBUG nextflow.executor.ExecutorFactory - >> processorType: 'local'
Oct-07 17:54:56.219 [main] DEBUG nextflow.processor.TaskProcessor - Creating process 'NFCORE_PIRA:PIRA:SPLICING_PRE_WITH_NSS:RMATS_PRE': maxForks=0; fair=false; array=0
Oct-07 17:54:56.242 [main] DEBUG n.script.dsl.ProcessConfigBuilder - Config settings `withLabel:process_medium` matches labels `process_medium` for process with name NFCORE_PIRA:PIRA:SPLICING_POS_WITH_NSS:RMATS_POS
Oct-07 17:54:56.243 [main] DEBUG n.script.dsl.ProcessConfigBuilder - Config settings `withName:NFCORE_PIRA:PIRA:SPLICING_POS_WITH_NSS:RMATS_POS` matches process NFCORE_PIRA:PIRA:SPLICING_POS_WITH_NSS:RMATS_POS
Oct-07 17:54:56.244 [main] DEBUG nextflow.executor.ExecutorFactory - << taskConfig executor: null
Oct-07 17:54:56.244 [main] DEBUG nextflow.executor.ExecutorFactory - >> processorType: 'local'
Oct-07 17:54:56.244 [main] DEBUG nextflow.processor.TaskProcessor - Creating process 'NFCORE_PIRA:PIRA:SPLICING_POS_WITH_NSS:RMATS_POS': maxForks=0; fair=false; array=0
Oct-07 17:54:56.409 [main] DEBUG n.script.dsl.ProcessConfigBuilder - Config settings `withLabel:process_single` matches labels `process_single` for process with name NFCORE_PIRA:PIRA:MULTIQC
Oct-07 17:54:56.410 [main] DEBUG n.script.dsl.ProcessConfigBuilder - Config settings `withName:MULTIQC` matches process NFCORE_PIRA:PIRA:MULTIQC
Oct-07 17:54:56.411 [main] DEBUG nextflow.executor.ExecutorFactory - << taskConfig executor: null
Oct-07 17:54:56.411 [main] DEBUG nextflow.executor.ExecutorFactory - >> processorType: 'local'
Oct-07 17:54:56.411 [main] DEBUG nextflow.processor.TaskProcessor - Creating process 'NFCORE_PIRA:PIRA:MULTIQC': maxForks=0; fair=false; array=0
Oct-07 17:54:56.421 [main] DEBUG nextflow.Session - Config process names validation disabled as requested
Oct-07 17:54:56.423 [main] DEBUG nextflow.Session - Igniting dataflow network (57)
Oct-07 17:54:56.427 [main] DEBUG nextflow.processor.TaskProcessor - Starting process > NFCORE_PIRA:PIRA:GENOME_BED:BED
Oct-07 17:54:56.427 [main] DEBUG nextflow.processor.TaskProcessor - Starting process > NFCORE_PIRA:PIRA:CTRL1:FASTP
Oct-07 17:54:56.427 [main] DEBUG nextflow.processor.TaskProcessor - Starting process > NFCORE_PIRA:PIRA:ALIGNMENT:STAR_ALIGN
Oct-07 17:54:56.427 [main] DEBUG nextflow.processor.TaskProcessor - Starting process > NFCORE_PIRA:PIRA:ALIGNMENT_SPLICING_JUNCTION:SJ_FILTER
Oct-07 17:54:56.427 [main] DEBUG nextflow.processor.TaskProcessor - Starting process > NFCORE_PIRA:PIRA:ALIGNMENT_DENOVO:STAR_ALIGN
Oct-07 17:54:56.427 [main] DEBUG nextflow.processor.TaskProcessor - Starting process > NFCORE_PIRA:PIRA:CTRL2:SAMTOOLS_STATS
Oct-07 17:54:56.427 [main] DEBUG nextflow.processor.TaskProcessor - Starting process > NFCORE_PIRA:PIRA:CTRL2:SAMTOOLS_INDEX
Oct-07 17:54:56.427 [main] DEBUG nextflow.processor.TaskProcessor - Starting process > NFCORE_PIRA:PIRA:CTRL3:RSEQC_INFEREXPERIMENT
Oct-07 17:54:56.428 [main] DEBUG nextflow.processor.TaskProcessor - Starting process > NFCORE_PIRA:PIRA:CTRL3:STRANDEDNESS
Oct-07 17:54:56.428 [main] DEBUG nextflow.processor.TaskProcessor - Starting process > NFCORE_PIRA:PIRA:TRANSCRIPT_PRE:STRINGTIE_CLEAN
Oct-07 17:54:56.428 [main] DEBUG nextflow.processor.TaskProcessor - Starting process > NFCORE_PIRA:PIRA:TRANSCRIPT_ASSEMBLY:STRINGTIE_STRINGTIE
Oct-07 17:54:56.428 [main] DEBUG nextflow.processor.TaskProcessor - Starting process > NFCORE_PIRA:PIRA:TRANSCRIPT_MERGE:STRINGTIE_MERGE
Oct-07 17:54:56.428 [main] DEBUG nextflow.processor.TaskProcessor - Starting process > NFCORE_PIRA:PIRA:SPLICING_LENGTH:RMATS_LENGTH
Oct-07 17:54:56.428 [main] DEBUG nextflow.processor.TaskProcessor - Starting process > NFCORE_PIRA:PIRA:SPLICING_PRE_WITH_NSS:RMATS_PRE
Oct-07 17:54:56.428 [main] DEBUG nextflow.processor.TaskProcessor - Starting process > NFCORE_PIRA:PIRA:SPLICING_POS_WITH_NSS:RMATS_POS
Oct-07 17:54:56.431 [main] DEBUG nextflow.processor.TaskProcessor - Starting process > NFCORE_PIRA:PIRA:MULTIQC
Oct-07 17:54:56.431 [main] DEBUG nextflow.script.ScriptRunner - Parsed script files:
  _nf_script_99b84e877dd4b47e: /Users/andreperez/Code/research/nfcore/pira/modules/local/rmats/prep/main.nf
  _nf_script_b196cdc25932e064: /Users/andreperez/Code/research/nfcore/pira/subworkflows/local/rna_samples/main.nf
  _nf_script_acedc7d2b4c31385: /Users/andreperez/Code/research/nfcore/pira/subworkflows/local/genome_bed/main.nf
  _nf_script_8b7a6ad047365f4c: /Users/andreperez/Code/research/nfcore/pira/modules/nf-core/sratools/prefetch/main.nf
  _nf_script_2e007b346293afbe: /Users/andreperez/Code/research/nfcore/pira/subworkflows/local/transcript_merge/main.nf
  _nf_script_d4ceb0bf4064d844: /Users/andreperez/Code/research/nfcore/pira/modules/local/stringtie/clean/main.nf
  _nf_script_b1d6f90f59a2470f: /Users/andreperez/Code/research/nfcore/pira/subworkflows/local/alignment_denovo/main.nf
  _nf_script_195d3d06d8ec40c1: /Users/andreperez/Code/research/nfcore/pira/subworkflows/local/splicing_length/main.nf
  _nf_script_5ef5b903a4eedb97: /Users/andreperez/Code/research/nfcore/pira/modules/nf-core/stringtie/merge/main.nf
  _nf_script_3c30d3e3e9c96ac1: /Users/andreperez/Code/research/nfcore/pira/subworkflows/local/splicing_pre/main.nf
  _nf_script_af82841b2e450ef8: /Users/andreperez/Code/research/nfcore/pira/modules/nf-core/star/genomegenerate/main.nf
  _nf_script_96a18cfff0ea75fb: /Users/andreperez/Code/research/nfcore/pira/subworkflows/local/transcript_pre/main.nf
  _nf_script_040c21c9b9bc5bb2: /Users/andreperez/Code/research/nfcore/pira/subworkflows/local/utils_nfcore_pira_pipeline/main.nf
  _nf_script_a2a6ea994280bb90: /Users/andreperez/Code/research/nfcore/pira/modules/local/fastp/main.nf
  _nf_script_2c2fe37dfefa6f09: /Users/andreperez/Code/research/nfcore/pira/subworkflows/local/quality_control_ctrl3/main.nf
  _nf_script_fee2f8a4543e2794: /Users/andreperez/Code/research/nfcore/pira/modules/nf-core/custom/sratoolsncbisettings/main.nf
  _nf_script_32fdd4646c3de8f1: /Users/andreperez/Code/research/nfcore/pira/subworkflows/local/splicing_pos/main.nf
  _nf_script_df06eb3a86153ec7: /Users/andreperez/Code/research/nfcore/pira/modules/nf-core/multiqc/main.nf
  _nf_script_d08ff9834d61f14b: /Users/andreperez/Code/research/nfcore/pira/modules/local/rmats/post/main.nf
  _nf_script_ba5483136e6b860a: /Users/andreperez/Code/research/nfcore/pira/modules/nf-core/star/align/main.nf
  _nf_script_313d2b09b5e3ddbd: /Users/andreperez/Code/research/nfcore/pira/subworkflows/nf-core/utils_nfschema_plugin/main.nf
  _nf_script_319f094fc435918c: /Users/andreperez/Code/research/nfcore/pira/modules/nf-core/sratools/fasterqdump/main.nf
  _nf_script_02ca0437a5fba040: /Users/andreperez/Code/research/nfcore/pira/subworkflows/local/genome_index/main.nf
  _nf_script_75e22f7cab6f9390: /Users/andreperez/Code/research/nfcore/pira/subworkflows/local/rna_ctrl1/main.nf
  _nf_script_3fe19cf04bb2d334: /Users/andreperez/Code/research/nfcore/pira/subworkflows/local/alignment/main.nf
  _nf_script_b7033324221c109b: /Users/andreperez/Code/research/nfcore/pira/subworkflows/local/alignment_splicing_junction/main.nf
  _nf_script_26805af266e3e1fc: /Users/andreperez/Code/research/nfcore/pira/modules/local/bed/main.nf
  _nf_script_1fb9a51bd123fb5a: /Users/andreperez/Code/research/nfcore/pira/modules/nf-core/rseqc/inferexperiment/main.nf
  _nf_script_f3c85f6d19a32418: /Users/andreperez/Code/research/nfcore/pira/subworkflows/local/utils_nextflow_pira_pipeline/main.nf
  _nf_script_8c75acee4659c2d2: /Users/andreperez/Code/research/nfcore/pira/modules/local/sj/filter/main.nf
  _nf_script_cfbcb44db7e95f01: /Users/andreperez/Code/research/nfcore/pira/modules/local/rmats/length/main.nf
  _nf_script_1793f2a65ba2483f: /Users/andreperez/Code/research/nfcore/pira/subworkflows/nf-core/utils_nfcore_pipeline/main.nf
  _nf_script_ba759ea551f52e68: /Users/andreperez/Code/research/nfcore/pira/modules/local/strandedness/main.nf
  _nf_script_f0d6998471e5ea68: /Users/andreperez/Code/research/nfcore/pira/modules/nf-core/samtools/index/main.nf
  _nf_script_88d7b1878dc2586b: /Users/andreperez/Code/research/nfcore/pira/modules/nf-core/samtools/stats/main.nf
  _nf_script_a78fcc646899dcba: /Users/andreperez/Code/research/nfcore/pira/subworkflows/nf-core/utils_nextflow_pipeline/main.nf
  _nf_script_9d44f937257fe17c: /Users/andreperez/Code/research/nfcore/pira/modules/local/stringtie/stringtie/main.nf
  _nf_script_256b779deea386fb: /Users/andreperez/Code/research/nfcore/pira/subworkflows/local/quality_control_ctrl2/main.nf
  Main: /Users/andreperez/Code/research/nfcore/pira/main.nf
  _nf_script_6f4782cdb7716658: /Users/andreperez/Code/research/nfcore/pira/subworkflows/local/transcript_assembly/main.nf
  _nf_script_3bc8ec083a635524: /Users/andreperez/Code/research/nfcore/pira/workflows/pira/main.nf
Oct-07 17:54:56.431 [main] DEBUG nextflow.script.ScriptRunner - > Awaiting termination 
Oct-07 17:54:56.431 [main] DEBUG nextflow.Session - Session await
Oct-07 17:54:56.494 [Actor Thread 11] DEBUG nextflow.sort.BigSort - Sort completed -- entries: 1; slices: 1; internal sort time: 0.001 s; external sort time: 0.009 s; total time: 0.01 s
Oct-07 17:54:56.494 [Actor Thread 22] DEBUG nextflow.sort.BigSort - Sort completed -- entries: 1; slices: 1; internal sort time: 0.001 s; external sort time: 0.009 s; total time: 0.01 s
Oct-07 17:54:56.498 [Actor Thread 11] DEBUG nextflow.file.FileCollector - Saved collect-files list to: /Users/andreperez/Code/research/nfcore/pira/work/collect-file/ebeafcfb217ca179eb5deaac672ec910
Oct-07 17:54:56.498 [Actor Thread 22] DEBUG nextflow.file.FileCollector - Saved collect-files list to: /Users/andreperez/Code/research/nfcore/pira/work/collect-file/91ada8af826dbd825595803a37763aa0
Oct-07 17:54:56.507 [Actor Thread 11] DEBUG nextflow.file.FileCollector - Deleting file collector temp dir: /var/folders/v2/ntbjh52n4d36ywxk04n8nbgr0000gp/T/nxf-5634818596444845822
Oct-07 17:54:56.507 [Actor Thread 22] DEBUG nextflow.file.FileCollector - Deleting file collector temp dir: /var/folders/v2/ntbjh52n4d36ywxk04n8nbgr0000gp/T/nxf-5199670555503210664
Oct-07 17:54:56.545 [Task submitter] DEBUG n.executor.local.LocalTaskHandler - Launch cmd line: /bin/bash -ue .command.run
Oct-07 17:54:56.546 [Task submitter] INFO  nextflow.Session - [8e/c205e5] Submitted process > NFCORE_PIRA:PIRA:CTRL1:FASTP (SRR16496066)
Oct-07 17:54:56.554 [Task submitter] DEBUG n.executor.local.LocalTaskHandler - Launch cmd line: /bin/bash -ue .command.run
Oct-07 17:54:56.554 [Task submitter] INFO  nextflow.Session - [3d/b93bae] Submitted process > NFCORE_PIRA:PIRA:CTRL1:FASTP (SRR16496059)
Oct-07 17:54:58.975 [Task monitor] DEBUG n.processor.TaskPollingMonitor - Task completed > TaskHandler[id: 8; name: NFCORE_PIRA:PIRA:CTRL1:FASTP (SRR16496066); status: COMPLETED; exit: 0; error: -; workDir: /Users/andreperez/Code/research/nfcore/pira/work/8e/c205e5dca49c188e8237d48fdbd8b4]
Oct-07 17:54:58.975 [Task monitor] DEBUG nextflow.util.ThreadPoolBuilder - Creating thread pool 'TaskFinalizer' minSize=10; maxSize=30; workQueue=LinkedBlockingQueue[-1]; allowCoreThreadTimeout=false
Oct-07 17:54:58.979 [Task submitter] DEBUG n.executor.local.LocalTaskHandler - Launch cmd line: /bin/bash -ue .command.run
Oct-07 17:54:58.980 [Task submitter] INFO  nextflow.Session - [b8/d93190] Submitted process > NFCORE_PIRA:PIRA:GENOME_BED:BED (test.gtf)
Oct-07 17:54:59.055 [TaskFinalizer-1] DEBUG nextflow.processor.TaskProcessor - Process NFCORE_PIRA:PIRA:CTRL1:FASTP > Skipping output binding because one or more optional files are missing: fileoutparam<4:1>
Oct-07 17:54:59.056 [TaskFinalizer-1] DEBUG nextflow.processor.TaskProcessor - Process NFCORE_PIRA:PIRA:CTRL1:FASTP > Skipping output binding because one or more optional files are missing: fileoutparam<5:1>
Oct-07 17:54:59.065 [TaskFinalizer-1] DEBUG nextflow.util.ThreadPoolBuilder - Creating thread pool 'PublishDir' minSize=10; maxSize=30; workQueue=LinkedBlockingQueue[-1]; allowCoreThreadTimeout=false
Oct-07 17:54:59.481 [Task monitor] DEBUG n.processor.TaskPollingMonitor - Task completed > TaskHandler[id: 6; name: NFCORE_PIRA:PIRA:CTRL1:FASTP (SRR16496059); status: COMPLETED; exit: 0; error: -; workDir: /Users/andreperez/Code/research/nfcore/pira/work/3d/b93baea7500e75eee75c4a1b44470b]
Oct-07 17:54:59.489 [TaskFinalizer-2] DEBUG nextflow.processor.TaskProcessor - Process NFCORE_PIRA:PIRA:CTRL1:FASTP > Skipping output binding because one or more optional files are missing: fileoutparam<4:1>
Oct-07 17:54:59.489 [TaskFinalizer-2] DEBUG nextflow.processor.TaskProcessor - Process NFCORE_PIRA:PIRA:CTRL1:FASTP > Skipping output binding because one or more optional files are missing: fileoutparam<5:1>
Oct-07 17:54:59.489 [Task submitter] DEBUG n.executor.local.LocalTaskHandler - Launch cmd line: /bin/bash -ue .command.run
Oct-07 17:54:59.490 [Task submitter] INFO  nextflow.Session - [9c/4d92e0] Submitted process > NFCORE_PIRA:PIRA:CTRL1:FASTP (SRR16496069)
Oct-07 17:55:01.055 [Task monitor] DEBUG n.processor.TaskPollingMonitor - Task completed > TaskHandler[id: 3; name: NFCORE_PIRA:PIRA:GENOME_BED:BED (test.gtf); status: COMPLETED; exit: 0; error: -; workDir: /Users/andreperez/Code/research/nfcore/pira/work/b8/d931909ef4f8306b4ca5c693b00d41]
Oct-07 17:55:01.063 [Task submitter] DEBUG n.executor.local.LocalTaskHandler - Launch cmd line: /bin/bash -ue .command.run
Oct-07 17:55:01.064 [Task submitter] INFO  nextflow.Session - [60/01b6e0] Submitted process > NFCORE_PIRA:PIRA:CTRL1:FASTP (SRR16496056)
Oct-07 17:55:01.501 [Task monitor] DEBUG n.processor.TaskPollingMonitor - Task completed > TaskHandler[id: 11; name: NFCORE_PIRA:PIRA:CTRL1:FASTP (SRR16496069); status: COMPLETED; exit: 0; error: -; workDir: /Users/andreperez/Code/research/nfcore/pira/work/9c/4d92e08877288b0ca6791ac457d946]
Oct-07 17:55:01.506 [Task submitter] DEBUG n.executor.local.LocalTaskHandler - Launch cmd line: /bin/bash -ue .command.run
Oct-07 17:55:01.506 [Task submitter] INFO  nextflow.Session - [00/21af9d] Submitted process > NFCORE_PIRA:PIRA:CTRL1:FASTP (SRR16496067)
Oct-07 17:55:01.507 [TaskFinalizer-4] DEBUG nextflow.processor.TaskProcessor - Process NFCORE_PIRA:PIRA:CTRL1:FASTP > Skipping output binding because one or more optional files are missing: fileoutparam<4:1>
Oct-07 17:55:01.508 [TaskFinalizer-4] DEBUG nextflow.processor.TaskProcessor - Process NFCORE_PIRA:PIRA:CTRL1:FASTP > Skipping output binding because one or more optional files are missing: fileoutparam<5:1>
Oct-07 17:55:03.324 [Task monitor] DEBUG n.processor.TaskPollingMonitor - Task completed > TaskHandler[id: 1; name: NFCORE_PIRA:PIRA:CTRL1:FASTP (SRR16496056); status: COMPLETED; exit: 0; error: -; workDir: /Users/andreperez/Code/research/nfcore/pira/work/60/01b6e006bfada4ea2adf517f9a847e]
Oct-07 17:55:03.330 [Task submitter] DEBUG n.executor.local.LocalTaskHandler - Launch cmd line: /bin/bash -ue .command.run
Oct-07 17:55:03.331 [TaskFinalizer-5] DEBUG nextflow.processor.TaskProcessor - Process NFCORE_PIRA:PIRA:CTRL1:FASTP > Skipping output binding because one or more optional files are missing: fileoutparam<4:1>
Oct-07 17:55:03.331 [TaskFinalizer-5] DEBUG nextflow.processor.TaskProcessor - Process NFCORE_PIRA:PIRA:CTRL1:FASTP > Skipping output binding because one or more optional files are missing: fileoutparam<5:1>
Oct-07 17:55:03.332 [Task submitter] INFO  nextflow.Session - [eb/236f2a] Submitted process > NFCORE_PIRA:PIRA:TRANSCRIPT_PRE:STRINGTIE_CLEAN (test.gtf)
Oct-07 17:55:03.952 [Task monitor] DEBUG n.processor.TaskPollingMonitor - Task completed > TaskHandler[id: 9; name: NFCORE_PIRA:PIRA:CTRL1:FASTP (SRR16496067); status: COMPLETED; exit: 0; error: -; workDir: /Users/andreperez/Code/research/nfcore/pira/work/00/21af9dd982e03da72992ef032bf24c]
Oct-07 17:55:03.957 [Task submitter] DEBUG n.executor.local.LocalTaskHandler - Launch cmd line: /bin/bash -ue .command.run
Oct-07 17:55:03.957 [Task submitter] INFO  nextflow.Session - [b5/140231] Submitted process > NFCORE_PIRA:PIRA:CTRL1:FASTP (SRR16496058)
Oct-07 17:55:03.959 [TaskFinalizer-6] DEBUG nextflow.processor.TaskProcessor - Process NFCORE_PIRA:PIRA:CTRL1:FASTP > Skipping output binding because one or more optional files are missing: fileoutparam<4:1>
Oct-07 17:55:03.959 [TaskFinalizer-6] DEBUG nextflow.processor.TaskProcessor - Process NFCORE_PIRA:PIRA:CTRL1:FASTP > Skipping output binding because one or more optional files are missing: fileoutparam<5:1>
Oct-07 17:55:05.149 [Task monitor] DEBUG n.processor.TaskPollingMonitor - Task completed > TaskHandler[id: 2; name: NFCORE_PIRA:PIRA:TRANSCRIPT_PRE:STRINGTIE_CLEAN (test.gtf); status: COMPLETED; exit: 0; error: -; workDir: /Users/andreperez/Code/research/nfcore/pira/work/eb/236f2a9fc66e5a5776baf54c341751]
Oct-07 17:55:05.153 [Task submitter] DEBUG n.executor.local.LocalTaskHandler - Launch cmd line: /bin/bash -ue .command.run
Oct-07 17:55:05.154 [Task submitter] INFO  nextflow.Session - [c4/30b577] Submitted process > NFCORE_PIRA:PIRA:CTRL1:FASTP (SRR16496070)
Oct-07 17:55:06.155 [Task monitor] DEBUG n.processor.TaskPollingMonitor - Task completed > TaskHandler[id: 5; name: NFCORE_PIRA:PIRA:CTRL1:FASTP (SRR16496058); status: COMPLETED; exit: 0; error: -; workDir: /Users/andreperez/Code/research/nfcore/pira/work/b5/14023172e785912ee4de3c6b427985]
Oct-07 17:55:06.159 [Task submitter] DEBUG n.executor.local.LocalTaskHandler - Launch cmd line: /bin/bash -ue .command.run
Oct-07 17:55:06.159 [Task submitter] INFO  nextflow.Session - [df/72cdd0] Submitted process > NFCORE_PIRA:PIRA:CTRL1:FASTP (SRR16496068)
Oct-07 17:55:06.161 [TaskFinalizer-8] DEBUG nextflow.processor.TaskProcessor - Process NFCORE_PIRA:PIRA:CTRL1:FASTP > Skipping output binding because one or more optional files are missing: fileoutparam<4:1>
Oct-07 17:55:06.161 [TaskFinalizer-8] DEBUG nextflow.processor.TaskProcessor - Process NFCORE_PIRA:PIRA:CTRL1:FASTP > Skipping output binding because one or more optional files are missing: fileoutparam<5:1>
Oct-07 17:55:07.163 [Task monitor] DEBUG n.processor.TaskPollingMonitor - Task completed > TaskHandler[id: 12; name: NFCORE_PIRA:PIRA:CTRL1:FASTP (SRR16496070); status: COMPLETED; exit: 0; error: -; workDir: /Users/andreperez/Code/research/nfcore/pira/work/c4/30b5770aef4803cf9d021f0b32e6db]
Oct-07 17:55:07.166 [Task submitter] DEBUG n.executor.local.LocalTaskHandler - Launch cmd line: /bin/bash -ue .command.run
Oct-07 17:55:07.166 [Task submitter] INFO  nextflow.Session - [3b/8d13b6] Submitted process > NFCORE_PIRA:PIRA:CTRL1:FASTP (SRR16496060)
Oct-07 17:55:07.167 [TaskFinalizer-9] DEBUG nextflow.processor.TaskProcessor - Process NFCORE_PIRA:PIRA:CTRL1:FASTP > Skipping output binding because one or more optional files are missing: fileoutparam<4:1>
Oct-07 17:55:07.167 [TaskFinalizer-9] DEBUG nextflow.processor.TaskProcessor - Process NFCORE_PIRA:PIRA:CTRL1:FASTP > Skipping output binding because one or more optional files are missing: fileoutparam<5:1>
Oct-07 17:55:08.235 [Task monitor] DEBUG n.processor.TaskPollingMonitor - Task completed > TaskHandler[id: 10; name: NFCORE_PIRA:PIRA:CTRL1:FASTP (SRR16496068); status: COMPLETED; exit: 0; error: -; workDir: /Users/andreperez/Code/research/nfcore/pira/work/df/72cdd05bfe9116ef72ebebfb870bc9]
Oct-07 17:55:08.239 [Task submitter] DEBUG n.executor.local.LocalTaskHandler - Launch cmd line: /bin/bash -ue .command.run
Oct-07 17:55:08.239 [Task submitter] INFO  nextflow.Session - [c9/5bc436] Submitted process > NFCORE_PIRA:PIRA:CTRL1:FASTP (SRR16496057)
Oct-07 17:55:08.239 [TaskFinalizer-10] DEBUG nextflow.processor.TaskProcessor - Process NFCORE_PIRA:PIRA:CTRL1:FASTP > Skipping output binding because one or more optional files are missing: fileoutparam<4:1>
Oct-07 17:55:08.239 [TaskFinalizer-10] DEBUG nextflow.processor.TaskProcessor - Process NFCORE_PIRA:PIRA:CTRL1:FASTP > Skipping output binding because one or more optional files are missing: fileoutparam<5:1>
Oct-07 17:55:09.298 [Task monitor] DEBUG n.processor.TaskPollingMonitor - Task completed > TaskHandler[id: 7; name: NFCORE_PIRA:PIRA:CTRL1:FASTP (SRR16496060); status: COMPLETED; exit: 0; error: -; workDir: /Users/andreperez/Code/research/nfcore/pira/work/3b/8d13b62163a5e8fdf2fd27409b7bd4]
Oct-07 17:55:09.303 [TaskFinalizer-1] DEBUG nextflow.processor.TaskProcessor - Process NFCORE_PIRA:PIRA:CTRL1:FASTP > Skipping output binding because one or more optional files are missing: fileoutparam<4:1>
Oct-07 17:55:09.303 [TaskFinalizer-1] DEBUG nextflow.processor.TaskProcessor - Process NFCORE_PIRA:PIRA:CTRL1:FASTP > Skipping output binding because one or more optional files are missing: fileoutparam<5:1>
Oct-07 17:55:10.106 [Task monitor] DEBUG n.processor.TaskPollingMonitor - Task completed > TaskHandler[id: 4; name: NFCORE_PIRA:PIRA:CTRL1:FASTP (SRR16496057); status: COMPLETED; exit: 0; error: -; workDir: /Users/andreperez/Code/research/nfcore/pira/work/c9/5bc43674f4e53a576be13df7a87d09]
Oct-07 17:55:10.110 [TaskFinalizer-2] DEBUG nextflow.processor.TaskProcessor - Process NFCORE_PIRA:PIRA:CTRL1:FASTP > Skipping output binding because one or more optional files are missing: fileoutparam<4:1>
Oct-07 17:55:10.110 [TaskFinalizer-2] DEBUG nextflow.processor.TaskProcessor - Process NFCORE_PIRA:PIRA:CTRL1:FASTP > Skipping output binding because one or more optional files are missing: fileoutparam<5:1>
Oct-07 17:55:10.151 [Task submitter] DEBUG n.executor.local.LocalTaskHandler - Launch cmd line: /bin/bash -ue .command.run
Oct-07 17:55:10.151 [Task submitter] INFO  nextflow.Session - [de/8349c3] Submitted process > NFCORE_PIRA:PIRA:ALIGNMENT:STAR_ALIGN (SRX12699023)
Oct-07 17:55:10.155 [Task submitter] DEBUG n.executor.local.LocalTaskHandler - Launch cmd line: /bin/bash -ue .command.run
Oct-07 17:55:10.155 [Task submitter] INFO  nextflow.Session - [66/9e18ef] Submitted process > NFCORE_PIRA:PIRA:ALIGNMENT:STAR_ALIGN (SRX12699033)
Oct-07 17:55:13.128 [Task monitor] DEBUG n.processor.TaskPollingMonitor - Task completed > TaskHandler[id: 20; name: NFCORE_PIRA:PIRA:ALIGNMENT:STAR_ALIGN (SRX12699033); status: COMPLETED; exit: 0; error: -; workDir: /Users/andreperez/Code/research/nfcore/pira/work/66/9e18ef89e8d1c67fa2f28ba80d56c4]
Oct-07 17:55:13.133 [Task submitter] DEBUG n.executor.local.LocalTaskHandler - Launch cmd line: /bin/bash -ue .command.run
Oct-07 17:55:13.133 [Task submitter] INFO  nextflow.Session - [a1/554879] Submitted process > NFCORE_PIRA:PIRA:ALIGNMENT:STAR_ALIGN (SRX12699034)
Oct-07 17:55:13.188 [Task monitor] DEBUG n.processor.TaskPollingMonitor - Task completed > TaskHandler[id: 18; name: NFCORE_PIRA:PIRA:ALIGNMENT:STAR_ALIGN (SRX12699023); status: COMPLETED; exit: 0; error: -; workDir: /Users/andreperez/Code/research/nfcore/pira/work/de/8349c38f04be121b5a275ab738da75]
Oct-07 17:55:13.192 [Task submitter] DEBUG n.executor.local.LocalTaskHandler - Launch cmd line: /bin/bash -ue .command.run
Oct-07 17:55:13.192 [Task submitter] INFO  nextflow.Session - [d9/b72175] Submitted process > NFCORE_PIRA:PIRA:ALIGNMENT:STAR_ALIGN (SRX12699031)
Oct-07 17:55:15.973 [Task monitor] DEBUG n.processor.TaskPollingMonitor - Task completed > TaskHandler[id: 15; name: NFCORE_PIRA:PIRA:ALIGNMENT:STAR_ALIGN (SRX12699034); status: COMPLETED; exit: 0; error: -; workDir: /Users/andreperez/Code/research/nfcore/pira/work/a1/554879bac14ce9db2d8366c40e368a]
Oct-07 17:55:15.978 [Task submitter] DEBUG n.executor.local.LocalTaskHandler - Launch cmd line: /bin/bash -ue .command.run
Oct-07 17:55:15.978 [Task submitter] INFO  nextflow.Session - [46/85b0aa] Submitted process > NFCORE_PIRA:PIRA:ALIGNMENT:STAR_ALIGN (SRX12699035)
Oct-07 17:55:16.138 [Task monitor] DEBUG n.processor.TaskPollingMonitor - Task completed > TaskHandler[id: 13; name: NFCORE_PIRA:PIRA:ALIGNMENT:STAR_ALIGN (SRX12699031); status: COMPLETED; exit: 0; error: -; workDir: /Users/andreperez/Code/research/nfcore/pira/work/d9/b72175763e49c1b6ee29f7efa5e70e]
Oct-07 17:55:16.143 [Task submitter] DEBUG n.executor.local.LocalTaskHandler - Launch cmd line: /bin/bash -ue .command.run
Oct-07 17:55:16.144 [Task submitter] INFO  nextflow.Session - [39/328110] Submitted process > NFCORE_PIRA:PIRA:ALIGNMENT:STAR_ALIGN (SRX12699025)
Oct-07 17:55:18.795 [Task monitor] DEBUG n.processor.TaskPollingMonitor - Task completed > TaskHandler[id: 19; name: NFCORE_PIRA:PIRA:ALIGNMENT:STAR_ALIGN (SRX12699035); status: COMPLETED; exit: 0; error: -; workDir: /Users/andreperez/Code/research/nfcore/pira/work/46/85b0aa9db689596f4a4876ba657ff7]
Oct-07 17:55:18.799 [Task submitter] DEBUG n.executor.local.LocalTaskHandler - Launch cmd line: /bin/bash -ue .command.run
Oct-07 17:55:18.799 [Task submitter] INFO  nextflow.Session - [e6/78121e] Submitted process > NFCORE_PIRA:PIRA:ALIGNMENT:STAR_ALIGN (SRX12699032)
Oct-07 17:55:19.062 [Task monitor] DEBUG n.processor.TaskPollingMonitor - Task completed > TaskHandler[id: 21; name: NFCORE_PIRA:PIRA:ALIGNMENT:STAR_ALIGN (SRX12699025); status: COMPLETED; exit: 0; error: -; workDir: /Users/andreperez/Code/research/nfcore/pira/work/39/32811064e259fbe6951331c02dce98]
Oct-07 17:55:19.066 [Task submitter] DEBUG n.executor.local.LocalTaskHandler - Launch cmd line: /bin/bash -ue .command.run
Oct-07 17:55:19.066 [Task submitter] INFO  nextflow.Session - [e2/bbe95a] Submitted process > NFCORE_PIRA:PIRA:ALIGNMENT:STAR_ALIGN (SRX12699022)
Oct-07 17:55:21.843 [Task monitor] DEBUG n.processor.TaskPollingMonitor - Task completed > TaskHandler[id: 17; name: NFCORE_PIRA:PIRA:ALIGNMENT:STAR_ALIGN (SRX12699032); status: COMPLETED; exit: 0; error: -; workDir: /Users/andreperez/Code/research/nfcore/pira/work/e6/78121e895a78d005db617ef38f76bc]
Oct-07 17:55:21.846 [Task submitter] DEBUG n.executor.local.LocalTaskHandler - Launch cmd line: /bin/bash -ue .command.run
Oct-07 17:55:21.846 [Task submitter] INFO  nextflow.Session - [8e/1335d6] Submitted process > NFCORE_PIRA:PIRA:ALIGNMENT:STAR_ALIGN (SRX12699024)
Oct-07 17:55:22.053 [Task monitor] DEBUG n.processor.TaskPollingMonitor - Task completed > TaskHandler[id: 22; name: NFCORE_PIRA:PIRA:ALIGNMENT:STAR_ALIGN (SRX12699022); status: COMPLETED; exit: 0; error: -; workDir: /Users/andreperez/Code/research/nfcore/pira/work/e2/bbe95a9ebf57a66651f96052a60dc6]
Oct-07 17:55:22.058 [Task submitter] DEBUG n.executor.local.LocalTaskHandler - Launch cmd line: /bin/bash -ue .command.run
Oct-07 17:55:22.058 [Task submitter] INFO  nextflow.Session - [7f/7fa56b] Submitted process > NFCORE_PIRA:PIRA:ALIGNMENT:STAR_ALIGN (SRX12699021)
Oct-07 17:55:24.830 [Task monitor] DEBUG n.processor.TaskPollingMonitor - Task completed > TaskHandler[id: 14; name: NFCORE_PIRA:PIRA:ALIGNMENT:STAR_ALIGN (SRX12699024); status: COMPLETED; exit: 0; error: -; workDir: /Users/andreperez/Code/research/nfcore/pira/work/8e/1335d6a0b1a6d735891fc41865fab0]
Oct-07 17:55:25.009 [Task monitor] DEBUG n.processor.TaskPollingMonitor - Task completed > TaskHandler[id: 16; name: NFCORE_PIRA:PIRA:ALIGNMENT:STAR_ALIGN (SRX12699021); status: COMPLETED; exit: 0; error: -; workDir: /Users/andreperez/Code/research/nfcore/pira/work/7f/7fa56bdc5a256f0cb3dd7ad5b9c132]
Oct-07 17:55:25.034 [Task submitter] DEBUG n.executor.local.LocalTaskHandler - Launch cmd line: /bin/bash -ue .command.run
Oct-07 17:55:25.034 [Task submitter] INFO  nextflow.Session - [6b/0eb207] Submitted process > NFCORE_PIRA:PIRA:ALIGNMENT_SPLICING_JUNCTION:SJ_FILTER (baseline)
Oct-07 17:55:26.536 [Task monitor] DEBUG n.processor.TaskPollingMonitor - Task completed > TaskHandler[id: 23; name: NFCORE_PIRA:PIRA:ALIGNMENT_SPLICING_JUNCTION:SJ_FILTER (baseline); status: COMPLETED; exit: 0; error: -; workDir: /Users/andreperez/Code/research/nfcore/pira/work/6b/0eb2079706b5c0a8dc82679552f615]
Oct-07 17:55:26.551 [Task submitter] DEBUG n.executor.local.LocalTaskHandler - Launch cmd line: /bin/bash -ue .command.run
Oct-07 17:55:26.551 [Task submitter] INFO  nextflow.Session - [45/5c43aa] Submitted process > NFCORE_PIRA:PIRA:ALIGNMENT_DENOVO:STAR_ALIGN (SRX12699025)
Oct-07 17:55:26.554 [Task submitter] DEBUG n.executor.local.LocalTaskHandler - Launch cmd line: /bin/bash -ue .command.run
Oct-07 17:55:26.554 [Task submitter] INFO  nextflow.Session - [c1/570cad] Submitted process > NFCORE_PIRA:PIRA:ALIGNMENT_DENOVO:STAR_ALIGN (SRX12699032)
Oct-07 17:55:29.408 [Task monitor] DEBUG n.processor.TaskPollingMonitor - Task completed > TaskHandler[id: 29; name: NFCORE_PIRA:PIRA:ALIGNMENT_DENOVO:STAR_ALIGN (SRX12699025); status: COMPLETED; exit: 0; error: -; workDir: /Users/andreperez/Code/research/nfcore/pira/work/45/5c43aa5054cb7033dd56ad4a6c150d]
Oct-07 17:55:29.412 [Task submitter] DEBUG n.executor.local.LocalTaskHandler - Launch cmd line: /bin/bash -ue .command.run
Oct-07 17:55:29.412 [Task submitter] INFO  nextflow.Session - [c5/61a7f8] Submitted process > NFCORE_PIRA:PIRA:ALIGNMENT_DENOVO:STAR_ALIGN (SRX12699022)
Oct-07 17:55:29.552 [Task monitor] DEBUG n.processor.TaskPollingMonitor - Task completed > TaskHandler[id: 30; name: NFCORE_PIRA:PIRA:ALIGNMENT_DENOVO:STAR_ALIGN (SRX12699032); status: COMPLETED; exit: 0; error: -; workDir: /Users/andreperez/Code/research/nfcore/pira/work/c1/570cadcb7b747da21ee6f99df32342]
Oct-07 17:55:29.555 [Task submitter] DEBUG n.executor.local.LocalTaskHandler - Launch cmd line: /bin/bash -ue .command.run
Oct-07 17:55:29.556 [Task submitter] INFO  nextflow.Session - [f8/b2c201] Submitted process > NFCORE_PIRA:PIRA:ALIGNMENT_DENOVO:STAR_ALIGN (SRX12699034)
Oct-07 17:55:32.207 [Task monitor] DEBUG n.processor.TaskPollingMonitor - Task completed > TaskHandler[id: 31; name: NFCORE_PIRA:PIRA:ALIGNMENT_DENOVO:STAR_ALIGN (SRX12699022); status: COMPLETED; exit: 0; error: -; workDir: /Users/andreperez/Code/research/nfcore/pira/work/c5/61a7f89ad849e384f988f9d76dda26]
Oct-07 17:55:32.210 [Task submitter] DEBUG n.executor.local.LocalTaskHandler - Launch cmd line: /bin/bash -ue .command.run
Oct-07 17:55:32.211 [Task submitter] INFO  nextflow.Session - [41/57b6f3] Submitted process > NFCORE_PIRA:PIRA:ALIGNMENT_DENOVO:STAR_ALIGN (SRX12699033)
Oct-07 17:55:32.497 [Task monitor] DEBUG n.processor.TaskPollingMonitor - Task completed > TaskHandler[id: 26; name: NFCORE_PIRA:PIRA:ALIGNMENT_DENOVO:STAR_ALIGN (SRX12699034); status: COMPLETED; exit: 0; error: -; workDir: /Users/andreperez/Code/research/nfcore/pira/work/f8/b2c2017eafc7a6188ad93768c9e017]
Oct-07 17:55:32.501 [Task submitter] DEBUG n.executor.local.LocalTaskHandler - Launch cmd line: /bin/bash -ue .command.run
Oct-07 17:55:32.501 [Task submitter] INFO  nextflow.Session - [f4/137266] Submitted process > NFCORE_PIRA:PIRA:ALIGNMENT_DENOVO:STAR_ALIGN (SRX12699035)
Oct-07 17:55:35.259 [Task monitor] DEBUG n.processor.TaskPollingMonitor - Task completed > TaskHandler[id: 24; name: NFCORE_PIRA:PIRA:ALIGNMENT_DENOVO:STAR_ALIGN (SRX12699033); status: COMPLETED; exit: 0; error: -; workDir: /Users/andreperez/Code/research/nfcore/pira/work/41/57b6f3f8ef64bc25f0851ab07a9241]
Oct-07 17:55:35.262 [Task submitter] DEBUG n.executor.local.LocalTaskHandler - Launch cmd line: /bin/bash -ue .command.run
Oct-07 17:55:35.263 [Task submitter] INFO  nextflow.Session - [84/1054e1] Submitted process > NFCORE_PIRA:PIRA:ALIGNMENT_DENOVO:STAR_ALIGN (SRX12699021)
Oct-07 17:55:35.477 [Task monitor] DEBUG n.processor.TaskPollingMonitor - Task completed > TaskHandler[id: 28; name: NFCORE_PIRA:PIRA:ALIGNMENT_DENOVO:STAR_ALIGN (SRX12699035); status: COMPLETED; exit: 0; error: -; workDir: /Users/andreperez/Code/research/nfcore/pira/work/f4/137266edaa7fcfa131c9dd7859e848]
Oct-07 17:55:35.480 [Task submitter] DEBUG n.executor.local.LocalTaskHandler - Launch cmd line: /bin/bash -ue .command.run
Oct-07 17:55:35.481 [Task submitter] INFO  nextflow.Session - [50/a833ea] Submitted process > NFCORE_PIRA:PIRA:ALIGNMENT_DENOVO:STAR_ALIGN (SRX12699023)
Oct-07 17:55:38.223 [Task monitor] DEBUG n.processor.TaskPollingMonitor - Task completed > TaskHandler[id: 33; name: NFCORE_PIRA:PIRA:ALIGNMENT_DENOVO:STAR_ALIGN (SRX12699021); status: COMPLETED; exit: 0; error: -; workDir: /Users/andreperez/Code/research/nfcore/pira/work/84/1054e1414db2a94cbcc95f31997b4a]
Oct-07 17:55:38.229 [Task submitter] DEBUG n.executor.local.LocalTaskHandler - Launch cmd line: /bin/bash -ue .command.run
Oct-07 17:55:38.229 [Task submitter] INFO  nextflow.Session - [d0/5b3f46] Submitted process > NFCORE_PIRA:PIRA:ALIGNMENT_DENOVO:STAR_ALIGN (SRX12699024)
Oct-07 17:55:38.598 [Task monitor] DEBUG n.processor.TaskPollingMonitor - Task completed > TaskHandler[id: 25; name: NFCORE_PIRA:PIRA:ALIGNMENT_DENOVO:STAR_ALIGN (SRX12699023); status: COMPLETED; exit: 0; error: -; workDir: /Users/andreperez/Code/research/nfcore/pira/work/50/a833eaecd8721beadcec57abb974db]
Oct-07 17:55:38.602 [Task submitter] DEBUG n.executor.local.LocalTaskHandler - Launch cmd line: /bin/bash -ue .command.run
Oct-07 17:55:38.602 [Task submitter] INFO  nextflow.Session - [d3/e00c7a] Submitted process > NFCORE_PIRA:PIRA:ALIGNMENT_DENOVO:STAR_ALIGN (SRX12699031)
Oct-07 17:55:41.302 [Task monitor] DEBUG n.processor.TaskPollingMonitor - Task completed > TaskHandler[id: 32; name: NFCORE_PIRA:PIRA:ALIGNMENT_DENOVO:STAR_ALIGN (SRX12699024); status: COMPLETED; exit: 0; error: -; workDir: /Users/andreperez/Code/research/nfcore/pira/work/d0/5b3f46a8460d7db6016f09ad808693]
Oct-07 17:55:41.305 [Task submitter] DEBUG n.executor.local.LocalTaskHandler - Launch cmd line: /bin/bash -ue .command.run
Oct-07 17:55:41.305 [Task submitter] INFO  nextflow.Session - [37/9b47cb] Submitted process > NFCORE_PIRA:PIRA:CTRL2:SAMTOOLS_STATS (SRX12699025)
Oct-07 17:55:41.307 [Task submitter] DEBUG n.executor.local.LocalTaskHandler - Launch cmd line: /bin/bash -ue .command.run
Oct-07 17:55:41.308 [Task submitter] INFO  nextflow.Session - [fb/b52007] Submitted process > NFCORE_PIRA:PIRA:CTRL2:SAMTOOLS_STATS (SRX12699032)
Oct-07 17:55:41.634 [Task monitor] DEBUG n.processor.TaskPollingMonitor - Task completed > TaskHandler[id: 27; name: NFCORE_PIRA:PIRA:ALIGNMENT_DENOVO:STAR_ALIGN (SRX12699031); status: COMPLETED; exit: 0; error: -; workDir: /Users/andreperez/Code/research/nfcore/pira/work/d3/e00c7afbec1194c223b2d4f7786b06]
Oct-07 17:55:41.639 [Task submitter] DEBUG n.executor.local.LocalTaskHandler - Launch cmd line: /bin/bash -ue .command.run
Oct-07 17:55:41.639 [Task submitter] INFO  nextflow.Session - [1d/9f5ca4] Submitted process > NFCORE_PIRA:PIRA:CTRL3:RSEQC_INFEREXPERIMENT (SRX12699025)
Oct-07 17:55:43.017 [Task monitor] DEBUG n.processor.TaskPollingMonitor - Task completed > TaskHandler[id: 35; name: NFCORE_PIRA:PIRA:CTRL2:SAMTOOLS_STATS (SRX12699025); status: COMPLETED; exit: 0; error: -; workDir: /Users/andreperez/Code/research/nfcore/pira/work/37/9b47cbd268f198d6b9f160c7365357]
Oct-07 17:55:43.020 [Task submitter] DEBUG n.executor.local.LocalTaskHandler - Launch cmd line: /bin/bash -ue .command.run
Oct-07 17:55:43.021 [Task submitter] INFO  nextflow.Session - [67/046a41] Submitted process > NFCORE_PIRA:PIRA:CTRL2:SAMTOOLS_STATS (SRX12699022)
Oct-07 17:55:43.104 [Task monitor] DEBUG n.processor.TaskPollingMonitor - Task completed > TaskHandler[id: 38; name: NFCORE_PIRA:PIRA:CTRL2:SAMTOOLS_STATS (SRX12699032); status: COMPLETED; exit: 0; error: -; workDir: /Users/andreperez/Code/research/nfcore/pira/work/fb/b520078d21ef1d39a4fdc371aec651]
Oct-07 17:55:43.107 [Task submitter] DEBUG n.executor.local.LocalTaskHandler - Launch cmd line: /bin/bash -ue .command.run
Oct-07 17:55:43.108 [Task submitter] INFO  nextflow.Session - [b6/d61591] Submitted process > NFCORE_PIRA:PIRA:CTRL2:SAMTOOLS_STATS (SRX12699034)
Oct-07 17:55:45.266 [Task monitor] DEBUG n.processor.TaskPollingMonitor - Task completed > TaskHandler[id: 44; name: NFCORE_PIRA:PIRA:CTRL2:SAMTOOLS_STATS (SRX12699034); status: COMPLETED; exit: 0; error: -; workDir: /Users/andreperez/Code/research/nfcore/pira/work/b6/d61591a5ad5ea464e91c0fa70274b5]
Oct-07 17:55:45.272 [Task submitter] DEBUG n.executor.local.LocalTaskHandler - Launch cmd line: /bin/bash -ue .command.run
Oct-07 17:55:45.272 [Task submitter] INFO  nextflow.Session - [f5/a41d89] Submitted process > NFCORE_PIRA:PIRA:CTRL2:SAMTOOLS_STATS (SRX12699033)
Oct-07 17:55:45.350 [Task monitor] DEBUG n.processor.TaskPollingMonitor - Task completed > TaskHandler[id: 40; name: NFCORE_PIRA:PIRA:CTRL2:SAMTOOLS_STATS (SRX12699022); status: COMPLETED; exit: 0; error: -; workDir: /Users/andreperez/Code/research/nfcore/pira/work/67/046a41379445cfee2bdaf4bc505983]
Oct-07 17:55:45.354 [Task submitter] DEBUG n.executor.local.LocalTaskHandler - Launch cmd line: /bin/bash -ue .command.run
Oct-07 17:55:45.354 [Task submitter] INFO  nextflow.Session - [9c/bffc85] Submitted process > NFCORE_PIRA:PIRA:CTRL2:SAMTOOLS_STATS (SRX12699035)
Oct-07 17:55:47.403 [Task monitor] DEBUG n.processor.TaskPollingMonitor - Task completed > TaskHandler[id: 49; name: NFCORE_PIRA:PIRA:CTRL2:SAMTOOLS_STATS (SRX12699035); status: COMPLETED; exit: 0; error: -; workDir: /Users/andreperez/Code/research/nfcore/pira/work/9c/bffc85fae380262a8490abf3bd29cc]
Oct-07 17:55:47.406 [Task submitter] DEBUG n.executor.local.LocalTaskHandler - Launch cmd line: /bin/bash -ue .command.run
Oct-07 17:55:47.406 [Task submitter] INFO  nextflow.Session - [05/5a04ad] Submitted process > NFCORE_PIRA:PIRA:CTRL2:SAMTOOLS_STATS (SRX12699021)
Oct-07 17:55:47.568 [Task monitor] DEBUG n.processor.TaskPollingMonitor - Task completed > TaskHandler[id: 47; name: NFCORE_PIRA:PIRA:CTRL2:SAMTOOLS_STATS (SRX12699033); status: COMPLETED; exit: 0; error: -; workDir: /Users/andreperez/Code/research/nfcore/pira/work/f5/a41d89fa381051dc720f758e179346]
Oct-07 17:55:47.572 [Task submitter] DEBUG n.executor.local.LocalTaskHandler - Launch cmd line: /bin/bash -ue .command.run
Oct-07 17:55:47.572 [Task submitter] INFO  nextflow.Session - [7d/a434de] Submitted process > NFCORE_PIRA:PIRA:CTRL2:SAMTOOLS_STATS (SRX12699023)
Oct-07 17:55:49.185 [Task monitor] DEBUG n.processor.TaskPollingMonitor - Task completed > TaskHandler[id: 36; name: NFCORE_PIRA:PIRA:CTRL3:RSEQC_INFEREXPERIMENT (SRX12699025); status: COMPLETED; exit: 0; error: -; workDir: /Users/andreperez/Code/research/nfcore/pira/work/1d/9f5ca46af3dc15ed5b926af5d6374a]
Oct-07 17:55:49.188 [Task submitter] DEBUG n.executor.local.LocalTaskHandler - Launch cmd line: /bin/bash -ue .command.run
Oct-07 17:55:49.188 [Task submitter] INFO  nextflow.Session - [52/d7f012] Submitted process > NFCORE_PIRA:PIRA:CTRL2:SAMTOOLS_INDEX (SRX12699025)
Oct-07 17:55:49.191 [Task submitter] DEBUG n.executor.local.LocalTaskHandler - Launch cmd line: /bin/bash -ue .command.run
Oct-07 17:55:49.192 [Task submitter] INFO  nextflow.Session - [08/c2ac46] Submitted process > NFCORE_PIRA:PIRA:CTRL2:SAMTOOLS_STATS (SRX12699024)
Oct-07 17:55:49.566 [Task monitor] DEBUG n.processor.TaskPollingMonitor - Task completed > TaskHandler[id: 56; name: NFCORE_PIRA:PIRA:CTRL2:SAMTOOLS_STATS (SRX12699023); status: COMPLETED; exit: 0; error: -; workDir: /Users/andreperez/Code/research/nfcore/pira/work/7d/a434de701cedea99946bb9f4819645]
Oct-07 17:55:49.576 [Task submitter] DEBUG n.executor.local.LocalTaskHandler - Launch cmd line: /bin/bash -ue .command.run
Oct-07 17:55:49.576 [Task submitter] INFO  nextflow.Session - [e2/8e469e] Submitted process > NFCORE_PIRA:PIRA:CTRL2:SAMTOOLS_STATS (SRX12699031)
Oct-07 17:55:49.776 [Task monitor] DEBUG n.processor.TaskPollingMonitor - Task completed > TaskHandler[id: 53; name: NFCORE_PIRA:PIRA:CTRL2:SAMTOOLS_STATS (SRX12699021); status: COMPLETED; exit: 0; error: -; workDir: /Users/andreperez/Code/research/nfcore/pira/work/05/5a04ad932cd4c6cbc9bac430396b85]
Oct-07 17:55:49.781 [Task submitter] DEBUG n.executor.local.LocalTaskHandler - Launch cmd line: /bin/bash -ue .command.run
Oct-07 17:55:49.781 [Task submitter] INFO  nextflow.Session - [5e/168b22] Submitted process > NFCORE_PIRA:PIRA:CTRL3:STRANDEDNESS (SRX12699025)
Oct-07 17:55:51.394 [Task monitor] DEBUG n.processor.TaskPollingMonitor - Task completed > TaskHandler[id: 34; name: NFCORE_PIRA:PIRA:CTRL2:SAMTOOLS_INDEX (SRX12699025); status: COMPLETED; exit: 0; error: -; workDir: /Users/andreperez/Code/research/nfcore/pira/work/52/d7f0129800d353ae9799132cb1f2a4]
Oct-07 17:55:51.397 [TaskFinalizer-3] DEBUG nextflow.processor.TaskProcessor - Process NFCORE_PIRA:PIRA:CTRL2:SAMTOOLS_INDEX > Skipping output binding because one or more optional files are missing: fileoutparam<1:1>
Oct-07 17:55:51.397 [TaskFinalizer-3] DEBUG nextflow.processor.TaskProcessor - Process NFCORE_PIRA:PIRA:CTRL2:SAMTOOLS_INDEX > Skipping output binding because one or more optional files are missing: fileoutparam<2:1>
Oct-07 17:55:51.397 [Task submitter] DEBUG n.executor.local.LocalTaskHandler - Launch cmd line: /bin/bash -ue .command.run
Oct-07 17:55:51.398 [Task submitter] INFO  nextflow.Session - [21/0a96d2] Submitted process > NFCORE_PIRA:PIRA:CTRL2:SAMTOOLS_INDEX (SRX12699032)
Oct-07 17:55:52.946 [Task monitor] DEBUG n.processor.TaskPollingMonitor - Task completed > TaskHandler[id: 64; name: NFCORE_PIRA:PIRA:CTRL3:STRANDEDNESS (SRX12699025); status: COMPLETED; exit: 0; error: -; workDir: /Users/andreperez/Code/research/nfcore/pira/work/5e/168b223e437f434711f957e9a71176]
Oct-07 17:55:53.156 [Task monitor] DEBUG n.processor.TaskPollingMonitor - Task completed > TaskHandler[id: 58; name: NFCORE_PIRA:PIRA:CTRL2:SAMTOOLS_STATS (SRX12699024); status: COMPLETED; exit: 0; error: -; workDir: /Users/andreperez/Code/research/nfcore/pira/work/08/c2ac46cb10a97c1c0733b3dcd9a7ef]
Oct-07 17:55:53.159 [Task submitter] DEBUG n.executor.local.LocalTaskHandler - Launch cmd line: /bin/bash -ue .command.run
Oct-07 17:55:53.159 [Task submitter] INFO  nextflow.Session - [d6/190d12] Submitted process > NFCORE_PIRA:PIRA:CTRL2:SAMTOOLS_INDEX (SRX12699022)
Oct-07 17:55:53.262 [Task monitor] DEBUG n.processor.TaskPollingMonitor - Task completed > TaskHandler[id: 37; name: NFCORE_PIRA:PIRA:CTRL2:SAMTOOLS_INDEX (SRX12699032); status: COMPLETED; exit: 0; error: -; workDir: /Users/andreperez/Code/research/nfcore/pira/work/21/0a96d2ca6e9cf4e72c407f3147ba6b]
Oct-07 17:55:53.264 [TaskFinalizer-6] DEBUG nextflow.processor.TaskProcessor - Process NFCORE_PIRA:PIRA:CTRL2:SAMTOOLS_INDEX > Skipping output binding because one or more optional files are missing: fileoutparam<1:1>
Oct-07 17:55:53.264 [TaskFinalizer-6] DEBUG nextflow.processor.TaskProcessor - Process NFCORE_PIRA:PIRA:CTRL2:SAMTOOLS_INDEX > Skipping output binding because one or more optional files are missing: fileoutparam<2:1>
Oct-07 17:55:53.264 [Task submitter] DEBUG n.executor.local.LocalTaskHandler - Launch cmd line: /bin/bash -ue .command.run
Oct-07 17:55:53.264 [Task submitter] INFO  nextflow.Session - [ee/21407b] Submitted process > NFCORE_PIRA:PIRA:CTRL2:SAMTOOLS_INDEX (SRX12699034)
Oct-07 17:55:53.433 [Task monitor] DEBUG n.processor.TaskPollingMonitor - Task completed > TaskHandler[id: 61; name: NFCORE_PIRA:PIRA:CTRL2:SAMTOOLS_STATS (SRX12699031); status: COMPLETED; exit: 0; error: -; workDir: /Users/andreperez/Code/research/nfcore/pira/work/e2/8e469e3a1b659b0b5957bf9152a14f]
Oct-07 17:55:54.443 [Task submitter] DEBUG n.executor.local.LocalTaskHandler - Launch cmd line: /bin/bash -ue .command.run
Oct-07 17:55:54.443 [Task submitter] INFO  nextflow.Session - [37/c48881] Submitted process > NFCORE_PIRA:PIRA:SPLICING_LENGTH:RMATS_LENGTH (length)
Oct-07 17:55:55.040 [Task monitor] DEBUG n.processor.TaskPollingMonitor - Task completed > TaskHandler[id: 41; name: NFCORE_PIRA:PIRA:CTRL2:SAMTOOLS_INDEX (SRX12699022); status: COMPLETED; exit: 0; error: -; workDir: /Users/andreperez/Code/research/nfcore/pira/work/d6/190d127df6759ea9aa1dcdb434527d]
Oct-07 17:55:55.043 [TaskFinalizer-8] DEBUG nextflow.processor.TaskProcessor - Process NFCORE_PIRA:PIRA:CTRL2:SAMTOOLS_INDEX > Skipping output binding because one or more optional files are missing: fileoutparam<1:1>
Oct-07 17:55:55.048 [TaskFinalizer-8] DEBUG nextflow.processor.TaskProcessor - Process NFCORE_PIRA:PIRA:CTRL2:SAMTOOLS_INDEX > Skipping output binding because one or more optional files are missing: fileoutparam<2:1>
Oct-07 17:55:55.048 [Task submitter] DEBUG n.executor.local.LocalTaskHandler - Launch cmd line: /bin/bash -ue .command.run
Oct-07 17:55:55.048 [Task submitter] INFO  nextflow.Session - [af/ef2b2a] Submitted process > NFCORE_PIRA:PIRA:CTRL2:SAMTOOLS_INDEX (SRX12699033)
Oct-07 17:55:55.102 [Task monitor] DEBUG n.processor.TaskPollingMonitor - Task completed > TaskHandler[id: 43; name: NFCORE_PIRA:PIRA:CTRL2:SAMTOOLS_INDEX (SRX12699034); status: COMPLETED; exit: 0; error: -; workDir: /Users/andreperez/Code/research/nfcore/pira/work/ee/21407bed670bfda19588473f2ddbf0]
Oct-07 17:55:55.104 [TaskFinalizer-9] DEBUG nextflow.processor.TaskProcessor - Process NFCORE_PIRA:PIRA:CTRL2:SAMTOOLS_INDEX > Skipping output binding because one or more optional files are missing: fileoutparam<1:1>
Oct-07 17:55:55.104 [TaskFinalizer-9] DEBUG nextflow.processor.TaskProcessor - Process NFCORE_PIRA:PIRA:CTRL2:SAMTOOLS_INDEX > Skipping output binding because one or more optional files are missing: fileoutparam<2:1>
Oct-07 17:55:55.106 [Task submitter] DEBUG n.executor.local.LocalTaskHandler - Launch cmd line: /bin/bash -ue .command.run
Oct-07 17:55:55.106 [Task submitter] INFO  nextflow.Session - [95/b9ebea] Submitted process > NFCORE_PIRA:PIRA:CTRL2:SAMTOOLS_INDEX (SRX12699035)
Oct-07 17:55:56.524 [Task monitor] DEBUG n.processor.TaskPollingMonitor - Task completed > TaskHandler[id: 66; name: NFCORE_PIRA:PIRA:SPLICING_LENGTH:RMATS_LENGTH (length); status: COMPLETED; exit: 0; error: -; workDir: /Users/andreperez/Code/research/nfcore/pira/work/37/c488813697079d5b8298d857241475]
Oct-07 17:55:56.790 [Task monitor] DEBUG n.processor.TaskPollingMonitor - Task completed > TaskHandler[id: 50; name: NFCORE_PIRA:PIRA:CTRL2:SAMTOOLS_INDEX (SRX12699035); status: COMPLETED; exit: 0; error: -; workDir: /Users/andreperez/Code/research/nfcore/pira/work/95/b9ebea90b4d4b84fc3a7d8ede035b4]
Oct-07 17:55:56.792 [TaskFinalizer-1] DEBUG nextflow.processor.TaskProcessor - Process NFCORE_PIRA:PIRA:CTRL2:SAMTOOLS_INDEX > Skipping output binding because one or more optional files are missing: fileoutparam<1:1>
Oct-07 17:55:56.792 [TaskFinalizer-1] DEBUG nextflow.processor.TaskProcessor - Process NFCORE_PIRA:PIRA:CTRL2:SAMTOOLS_INDEX > Skipping output binding because one or more optional files are missing: fileoutparam<2:1>
Oct-07 17:55:56.793 [Task submitter] DEBUG n.executor.local.LocalTaskHandler - Launch cmd line: /bin/bash -ue .command.run
Oct-07 17:55:56.793 [Task submitter] INFO  nextflow.Session - [39/2bbb1e] Submitted process > NFCORE_PIRA:PIRA:CTRL3:RSEQC_INFEREXPERIMENT (SRX12699032)
Oct-07 17:55:56.946 [Task monitor] DEBUG n.processor.TaskPollingMonitor - Task completed > TaskHandler[id: 46; name: NFCORE_PIRA:PIRA:CTRL2:SAMTOOLS_INDEX (SRX12699033); status: COMPLETED; exit: 0; error: -; workDir: /Users/andreperez/Code/research/nfcore/pira/work/af/ef2b2acf86b618027d4fead5dc4833]
Oct-07 17:55:56.948 [TaskFinalizer-2] DEBUG nextflow.processor.TaskProcessor - Process NFCORE_PIRA:PIRA:CTRL2:SAMTOOLS_INDEX > Skipping output binding because one or more optional files are missing: fileoutparam<1:1>
Oct-07 17:55:56.948 [TaskFinalizer-2] DEBUG nextflow.processor.TaskProcessor - Process NFCORE_PIRA:PIRA:CTRL2:SAMTOOLS_INDEX > Skipping output binding because one or more optional files are missing: fileoutparam<2:1>
Oct-07 17:55:56.948 [Task submitter] DEBUG n.executor.local.LocalTaskHandler - Launch cmd line: /bin/bash -ue .command.run
Oct-07 17:55:56.948 [Task submitter] INFO  nextflow.Session - [12/0b68fc] Submitted process > NFCORE_PIRA:PIRA:CTRL3:RSEQC_INFEREXPERIMENT (SRX12699022)
Oct-07 17:56:02.892 [Task monitor] DEBUG n.processor.TaskPollingMonitor - Task completed > TaskHandler[id: 39; name: NFCORE_PIRA:PIRA:CTRL3:RSEQC_INFEREXPERIMENT (SRX12699032); status: COMPLETED; exit: 0; error: -; workDir: /Users/andreperez/Code/research/nfcore/pira/work/39/2bbb1e131f3483eb2a12b6884a25b9]
Oct-07 17:56:02.895 [Task submitter] DEBUG n.executor.local.LocalTaskHandler - Launch cmd line: /bin/bash -ue .command.run
Oct-07 17:56:02.896 [Task submitter] INFO  nextflow.Session - [55/35c399] Submitted process > NFCORE_PIRA:PIRA:CTRL3:RSEQC_INFEREXPERIMENT (SRX12699034)
Oct-07 17:56:03.230 [Task monitor] DEBUG n.processor.TaskPollingMonitor - Task completed > TaskHandler[id: 42; name: NFCORE_PIRA:PIRA:CTRL3:RSEQC_INFEREXPERIMENT (SRX12699022); status: COMPLETED; exit: 0; error: -; workDir: /Users/andreperez/Code/research/nfcore/pira/work/12/0b68fce700aa91b41e51529e9a2b38]
Oct-07 17:56:03.232 [Task submitter] DEBUG n.executor.local.LocalTaskHandler - Launch cmd line: /bin/bash -ue .command.run
Oct-07 17:56:03.232 [Task submitter] INFO  nextflow.Session - [8c/585849] Submitted process > NFCORE_PIRA:PIRA:CTRL3:RSEQC_INFEREXPERIMENT (SRX12699033)
Oct-07 17:56:09.774 [Task monitor] DEBUG n.processor.TaskPollingMonitor - Task completed > TaskHandler[id: 45; name: NFCORE_PIRA:PIRA:CTRL3:RSEQC_INFEREXPERIMENT (SRX12699034); status: COMPLETED; exit: 0; error: -; workDir: /Users/andreperez/Code/research/nfcore/pira/work/55/35c399ba636b4eac730b6b46b3666e]
Oct-07 17:56:09.777 [Task submitter] DEBUG n.executor.local.LocalTaskHandler - Launch cmd line: /bin/bash -ue .command.run
Oct-07 17:56:09.777 [Task submitter] INFO  nextflow.Session - [fc/68a36b] Submitted process > NFCORE_PIRA:PIRA:CTRL3:RSEQC_INFEREXPERIMENT (SRX12699035)
Oct-07 17:56:09.912 [Task monitor] DEBUG n.processor.TaskPollingMonitor - Task completed > TaskHandler[id: 48; name: NFCORE_PIRA:PIRA:CTRL3:RSEQC_INFEREXPERIMENT (SRX12699033); status: COMPLETED; exit: 0; error: -; workDir: /Users/andreperez/Code/research/nfcore/pira/work/8c/585849941ff8352bccada4ffacc814]
Oct-07 17:56:09.916 [Task submitter] DEBUG n.executor.local.LocalTaskHandler - Launch cmd line: /bin/bash -ue .command.run
Oct-07 17:56:09.916 [Task submitter] INFO  nextflow.Session - [ec/49b974] Submitted process > NFCORE_PIRA:PIRA:CTRL3:RSEQC_INFEREXPERIMENT (SRX12699021)
Oct-07 17:56:16.201 [Task monitor] DEBUG n.processor.TaskPollingMonitor - Task completed > TaskHandler[id: 51; name: NFCORE_PIRA:PIRA:CTRL3:RSEQC_INFEREXPERIMENT (SRX12699035); status: COMPLETED; exit: 0; error: -; workDir: /Users/andreperez/Code/research/nfcore/pira/work/fc/68a36bb2170b4cfdb724e5930ab3ab]
Oct-07 17:56:16.203 [Task submitter] DEBUG n.executor.local.LocalTaskHandler - Launch cmd line: /bin/bash -ue .command.run
Oct-07 17:56:16.204 [Task submitter] INFO  nextflow.Session - [4c/af1668] Submitted process > NFCORE_PIRA:PIRA:CTRL2:SAMTOOLS_INDEX (SRX12699021)
Oct-07 17:56:16.649 [Task monitor] DEBUG n.processor.TaskPollingMonitor - Task completed > TaskHandler[id: 54; name: NFCORE_PIRA:PIRA:CTRL3:RSEQC_INFEREXPERIMENT (SRX12699021); status: COMPLETED; exit: 0; error: -; workDir: /Users/andreperez/Code/research/nfcore/pira/work/ec/49b9741efab1825e0cefcdc60a1c79]
Oct-07 17:56:16.652 [Task submitter] DEBUG n.executor.local.LocalTaskHandler - Launch cmd line: /bin/bash -ue .command.run
Oct-07 17:56:16.652 [Task submitter] INFO  nextflow.Session - [dd/edb9cf] Submitted process > NFCORE_PIRA:PIRA:CTRL2:SAMTOOLS_INDEX (SRX12699023)
Oct-07 17:56:16.656 [Task submitter] DEBUG n.executor.local.LocalTaskHandler - Launch cmd line: /bin/bash -ue .command.run
Oct-07 17:56:16.656 [Task submitter] INFO  nextflow.Session - [f8/26c7f1] Submitted process > NFCORE_PIRA:PIRA:CTRL3:STRANDEDNESS (SRX12699032)
Oct-07 17:56:17.648 [Task monitor] DEBUG n.processor.TaskPollingMonitor - Task completed > TaskHandler[id: 52; name: NFCORE_PIRA:PIRA:CTRL2:SAMTOOLS_INDEX (SRX12699021); status: COMPLETED; exit: 0; error: -; workDir: /Users/andreperez/Code/research/nfcore/pira/work/4c/af16689e9d0e78f8582b472199fd8a]
Oct-07 17:56:17.650 [TaskFinalizer-9] DEBUG nextflow.processor.TaskProcessor - Process NFCORE_PIRA:PIRA:CTRL2:SAMTOOLS_INDEX > Skipping output binding because one or more optional files are missing: fileoutparam<1:1>
Oct-07 17:56:17.650 [TaskFinalizer-9] DEBUG nextflow.processor.TaskProcessor - Process NFCORE_PIRA:PIRA:CTRL2:SAMTOOLS_INDEX > Skipping output binding because one or more optional files are missing: fileoutparam<2:1>
Oct-07 17:56:17.650 [Task submitter] DEBUG n.executor.local.LocalTaskHandler - Launch cmd line: /bin/bash -ue .command.run
Oct-07 17:56:17.650 [Task submitter] INFO  nextflow.Session - [17/dedc01] Submitted process > NFCORE_PIRA:PIRA:CTRL2:SAMTOOLS_INDEX (SRX12699024)
Oct-07 17:56:18.242 [Task monitor] DEBUG n.processor.TaskPollingMonitor - Task completed > TaskHandler[id: 55; name: NFCORE_PIRA:PIRA:CTRL2:SAMTOOLS_INDEX (SRX12699023); status: COMPLETED; exit: 0; error: -; workDir: /Users/andreperez/Code/research/nfcore/pira/work/dd/edb9cf97a10c25571ee8f410a3147f]
Oct-07 17:56:18.245 [TaskFinalizer-10] DEBUG nextflow.processor.TaskProcessor - Process NFCORE_PIRA:PIRA:CTRL2:SAMTOOLS_INDEX > Skipping output binding because one or more optional files are missing: fileoutparam<1:1>
Oct-07 17:56:18.245 [Task submitter] DEBUG n.executor.local.LocalTaskHandler - Launch cmd line: /bin/bash -ue .command.run
Oct-07 17:56:18.245 [TaskFinalizer-10] DEBUG nextflow.processor.TaskProcessor - Process NFCORE_PIRA:PIRA:CTRL2:SAMTOOLS_INDEX > Skipping output binding because one or more optional files are missing: fileoutparam<2:1>
Oct-07 17:56:18.245 [Task submitter] INFO  nextflow.Session - [ff/4c586f] Submitted process > NFCORE_PIRA:PIRA:CTRL2:SAMTOOLS_INDEX (SRX12699031)
Oct-07 17:56:19.176 [Task monitor] DEBUG n.processor.TaskPollingMonitor - Task completed > TaskHandler[id: 67; name: NFCORE_PIRA:PIRA:CTRL3:STRANDEDNESS (SRX12699032); status: COMPLETED; exit: 0; error: -; workDir: /Users/andreperez/Code/research/nfcore/pira/work/f8/26c7f1972ea9a0a7b64c35d76d89d1]
Oct-07 17:56:19.179 [Task submitter] DEBUG n.executor.local.LocalTaskHandler - Launch cmd line: /bin/bash -ue .command.run
Oct-07 17:56:19.179 [Task submitter] INFO  nextflow.Session - [98/a28dea] Submitted process > NFCORE_PIRA:PIRA:CTRL3:STRANDEDNESS (SRX12699022)
Oct-07 17:56:19.267 [Task monitor] DEBUG n.processor.TaskPollingMonitor - Task completed > TaskHandler[id: 59; name: NFCORE_PIRA:PIRA:CTRL2:SAMTOOLS_INDEX (SRX12699024); status: COMPLETED; exit: 0; error: -; workDir: /Users/andreperez/Code/research/nfcore/pira/work/17/dedc01c8ff046b52b2c816234802c0]
Oct-07 17:56:19.271 [Task submitter] DEBUG n.executor.local.LocalTaskHandler - Launch cmd line: /bin/bash -ue .command.run
Oct-07 17:56:19.271 [Task submitter] INFO  nextflow.Session - [4d/f78e57] Submitted process > NFCORE_PIRA:PIRA:CTRL3:STRANDEDNESS (SRX12699034)
Oct-07 17:56:19.272 [TaskFinalizer-2] DEBUG nextflow.processor.TaskProcessor - Process NFCORE_PIRA:PIRA:CTRL2:SAMTOOLS_INDEX > Skipping output binding because one or more optional files are missing: fileoutparam<1:1>
Oct-07 17:56:19.279 [TaskFinalizer-2] DEBUG nextflow.processor.TaskProcessor - Process NFCORE_PIRA:PIRA:CTRL2:SAMTOOLS_INDEX > Skipping output binding because one or more optional files are missing: fileoutparam<2:1>
Oct-07 17:56:19.281 [Task submitter] DEBUG n.executor.local.LocalTaskHandler - Launch cmd line: /bin/bash -ue .command.run
Oct-07 17:56:19.281 [Task submitter] INFO  nextflow.Session - [fe/1eb56b] Submitted process > NFCORE_PIRA:PIRA:CTRL3:STRANDEDNESS (SRX12699033)
Oct-07 17:56:20.779 [Task monitor] DEBUG n.processor.TaskPollingMonitor - Task completed > TaskHandler[id: 62; name: NFCORE_PIRA:PIRA:CTRL2:SAMTOOLS_INDEX (SRX12699031); status: COMPLETED; exit: 0; error: -; workDir: /Users/andreperez/Code/research/nfcore/pira/work/ff/4c586fc03862d78530f3b5310e36ef]
Oct-07 17:56:20.782 [TaskFinalizer-3] DEBUG nextflow.processor.TaskProcessor - Process NFCORE_PIRA:PIRA:CTRL2:SAMTOOLS_INDEX > Skipping output binding because one or more optional files are missing: fileoutparam<1:1>
Oct-07 17:56:20.782 [TaskFinalizer-3] DEBUG nextflow.processor.TaskProcessor - Process NFCORE_PIRA:PIRA:CTRL2:SAMTOOLS_INDEX > Skipping output binding because one or more optional files are missing: fileoutparam<2:1>
Oct-07 17:56:20.782 [Task submitter] DEBUG n.executor.local.LocalTaskHandler - Launch cmd line: /bin/bash -ue .command.run
Oct-07 17:56:20.782 [Task submitter] INFO  nextflow.Session - [f2/8b16cc] Submitted process > NFCORE_PIRA:PIRA:CTRL3:STRANDEDNESS (SRX12699035)
Oct-07 17:56:20.785 [Task submitter] DEBUG n.executor.local.LocalTaskHandler - Launch cmd line: /bin/bash -ue .command.run
Oct-07 17:56:20.785 [Task submitter] INFO  nextflow.Session - [e6/03dd3a] Submitted process > NFCORE_PIRA:PIRA:CTRL3:STRANDEDNESS (SRX12699021)
Oct-07 17:56:21.646 [Task monitor] DEBUG n.processor.TaskPollingMonitor - Task completed > TaskHandler[id: 68; name: NFCORE_PIRA:PIRA:CTRL3:STRANDEDNESS (SRX12699022); status: COMPLETED; exit: 0; error: -; workDir: /Users/andreperez/Code/research/nfcore/pira/work/98/a28dea75aa6d8d40119dba1097d29d]
Oct-07 17:56:21.991 [Task monitor] DEBUG n.processor.TaskPollingMonitor - Task completed > TaskHandler[id: 69; name: NFCORE_PIRA:PIRA:CTRL3:STRANDEDNESS (SRX12699034); status: COMPLETED; exit: 0; error: -; workDir: /Users/andreperez/Code/research/nfcore/pira/work/4d/f78e5779c52a531543958c6dfd4c28]
Oct-07 17:56:22.390 [Task monitor] DEBUG n.processor.TaskPollingMonitor - Task completed > TaskHandler[id: 70; name: NFCORE_PIRA:PIRA:CTRL3:STRANDEDNESS (SRX12699033); status: COMPLETED; exit: 0; error: -; workDir: /Users/andreperez/Code/research/nfcore/pira/work/fe/1eb56b7c607f9a320c554185e85ec6]
Oct-07 17:56:22.394 [Task submitter] DEBUG n.executor.local.LocalTaskHandler - Launch cmd line: /bin/bash -ue .command.run
Oct-07 17:56:22.395 [Task submitter] INFO  nextflow.Session - [ba/99867d] Submitted process > NFCORE_PIRA:PIRA:CTRL3:RSEQC_INFEREXPERIMENT (SRX12699023)
Oct-07 17:56:23.278 [Task monitor] DEBUG n.processor.TaskPollingMonitor - Task completed > TaskHandler[id: 72; name: NFCORE_PIRA:PIRA:CTRL3:STRANDEDNESS (SRX12699021); status: COMPLETED; exit: 0; error: -; workDir: /Users/andreperez/Code/research/nfcore/pira/work/e6/03dd3a3a422bdaf8b2530a91ee09b8]
Oct-07 17:56:23.305 [Task monitor] DEBUG n.processor.TaskPollingMonitor - Task completed > TaskHandler[id: 71; name: NFCORE_PIRA:PIRA:CTRL3:STRANDEDNESS (SRX12699035); status: COMPLETED; exit: 0; error: -; workDir: /Users/andreperez/Code/research/nfcore/pira/work/f2/8b16ccea8a9de90d1be06da3252726]
Oct-07 17:56:23.308 [Task submitter] DEBUG n.executor.local.LocalTaskHandler - Launch cmd line: /bin/bash -ue .command.run
Oct-07 17:56:23.308 [Task submitter] INFO  nextflow.Session - [74/f4a9fb] Submitted process > NFCORE_PIRA:PIRA:CTRL3:RSEQC_INFEREXPERIMENT (SRX12699024)
Oct-07 17:56:29.050 [Task monitor] DEBUG n.processor.TaskPollingMonitor - Task completed > TaskHandler[id: 57; name: NFCORE_PIRA:PIRA:CTRL3:RSEQC_INFEREXPERIMENT (SRX12699023); status: COMPLETED; exit: 0; error: -; workDir: /Users/andreperez/Code/research/nfcore/pira/work/ba/99867d059d9b913f806c600f2de13b]
Oct-07 17:56:29.054 [Task submitter] DEBUG n.executor.local.LocalTaskHandler - Launch cmd line: /bin/bash -ue .command.run
Oct-07 17:56:29.055 [Task submitter] INFO  nextflow.Session - [3e/281b02] Submitted process > NFCORE_PIRA:PIRA:CTRL3:RSEQC_INFEREXPERIMENT (SRX12699031)
Oct-07 17:56:30.020 [Task monitor] DEBUG n.processor.TaskPollingMonitor - Task completed > TaskHandler[id: 60; name: NFCORE_PIRA:PIRA:CTRL3:RSEQC_INFEREXPERIMENT (SRX12699024); status: COMPLETED; exit: 0; error: -; workDir: /Users/andreperez/Code/research/nfcore/pira/work/74/f4a9fb798d6b913e6daca9a5b78002]
Oct-07 17:56:30.023 [Task submitter] DEBUG n.executor.local.LocalTaskHandler - Launch cmd line: /bin/bash -ue .command.run
Oct-07 17:56:30.023 [Task submitter] INFO  nextflow.Session - [66/5d0b76] Submitted process > NFCORE_PIRA:PIRA:TRANSCRIPT_ASSEMBLY:STRINGTIE_STRINGTIE (SRX12699025)
Oct-07 17:56:31.498 [Task monitor] DEBUG n.processor.TaskPollingMonitor - Task completed > TaskHandler[id: 65; name: NFCORE_PIRA:PIRA:TRANSCRIPT_ASSEMBLY:STRINGTIE_STRINGTIE (SRX12699025); status: COMPLETED; exit: 0; error: -; workDir: /Users/andreperez/Code/research/nfcore/pira/work/66/5d0b76b0e167c037b777ad4f81b81c]
Oct-07 17:56:31.501 [Task submitter] DEBUG n.executor.local.LocalTaskHandler - Launch cmd line: /bin/bash -ue .command.run
Oct-07 17:56:31.501 [Task submitter] INFO  nextflow.Session - [2a/6d4266] Submitted process > NFCORE_PIRA:PIRA:TRANSCRIPT_ASSEMBLY:STRINGTIE_STRINGTIE (SRX12699032)
Oct-07 17:56:33.036 [Task monitor] DEBUG n.processor.TaskPollingMonitor - Task completed > TaskHandler[id: 73; name: NFCORE_PIRA:PIRA:TRANSCRIPT_ASSEMBLY:STRINGTIE_STRINGTIE (SRX12699032); status: COMPLETED; exit: 0; error: -; workDir: /Users/andreperez/Code/research/nfcore/pira/work/2a/6d426635452cabdc4293fcf2d4718f]
Oct-07 17:56:33.039 [Task submitter] DEBUG n.executor.local.LocalTaskHandler - Launch cmd line: /bin/bash -ue .command.run
Oct-07 17:56:33.039 [Task submitter] INFO  nextflow.Session - [a8/c6f150] Submitted process > NFCORE_PIRA:PIRA:TRANSCRIPT_ASSEMBLY:STRINGTIE_STRINGTIE (SRX12699022)
Oct-07 17:56:34.419 [Task monitor] DEBUG n.processor.TaskPollingMonitor - Task completed > TaskHandler[id: 74; name: NFCORE_PIRA:PIRA:TRANSCRIPT_ASSEMBLY:STRINGTIE_STRINGTIE (SRX12699022); status: COMPLETED; exit: 0; error: -; workDir: /Users/andreperez/Code/research/nfcore/pira/work/a8/c6f15003247aee3539b41a90a66442]
Oct-07 17:56:34.422 [Task submitter] DEBUG n.executor.local.LocalTaskHandler - Launch cmd line: /bin/bash -ue .command.run
Oct-07 17:56:34.422 [Task submitter] INFO  nextflow.Session - [ba/d5c8ad] Submitted process > NFCORE_PIRA:PIRA:TRANSCRIPT_ASSEMBLY:STRINGTIE_STRINGTIE (SRX12699034)
Oct-07 17:56:35.847 [Task monitor] DEBUG n.processor.TaskPollingMonitor - Task completed > TaskHandler[id: 75; name: NFCORE_PIRA:PIRA:TRANSCRIPT_ASSEMBLY:STRINGTIE_STRINGTIE (SRX12699034); status: COMPLETED; exit: 0; error: -; workDir: /Users/andreperez/Code/research/nfcore/pira/work/ba/d5c8ad17e272e0623a12bbe4d686b6]
Oct-07 17:56:35.850 [Task submitter] DEBUG n.executor.local.LocalTaskHandler - Launch cmd line: /bin/bash -ue .command.run
Oct-07 17:56:35.850 [Task submitter] INFO  nextflow.Session - [5a/fc4321] Submitted process > NFCORE_PIRA:PIRA:TRANSCRIPT_ASSEMBLY:STRINGTIE_STRINGTIE (SRX12699033)
Oct-07 17:56:36.049 [Task monitor] DEBUG n.processor.TaskPollingMonitor - Task completed > TaskHandler[id: 63; name: NFCORE_PIRA:PIRA:CTRL3:RSEQC_INFEREXPERIMENT (SRX12699031); status: COMPLETED; exit: 0; error: -; workDir: /Users/andreperez/Code/research/nfcore/pira/work/3e/281b02e1d45d75445ce8fc1c3d1805]
Oct-07 17:56:36.052 [Task submitter] DEBUG n.executor.local.LocalTaskHandler - Launch cmd line: /bin/bash -ue .command.run
Oct-07 17:56:36.052 [Task submitter] INFO  nextflow.Session - [af/645c05] Submitted process > NFCORE_PIRA:PIRA:TRANSCRIPT_ASSEMBLY:STRINGTIE_STRINGTIE (SRX12699021)
Oct-07 17:56:37.358 [Task monitor] DEBUG n.processor.TaskPollingMonitor - Task completed > TaskHandler[id: 76; name: NFCORE_PIRA:PIRA:TRANSCRIPT_ASSEMBLY:STRINGTIE_STRINGTIE (SRX12699033); status: COMPLETED; exit: 0; error: -; workDir: /Users/andreperez/Code/research/nfcore/pira/work/5a/fc4321b23f523a37612c2baa24dddf]
Oct-07 17:56:37.361 [Task submitter] DEBUG n.executor.local.LocalTaskHandler - Launch cmd line: /bin/bash -ue .command.run
Oct-07 17:56:37.361 [Task submitter] INFO  nextflow.Session - [1f/485692] Submitted process > NFCORE_PIRA:PIRA:TRANSCRIPT_ASSEMBLY:STRINGTIE_STRINGTIE (SRX12699035)
Oct-07 17:56:37.524 [Task monitor] DEBUG n.processor.TaskPollingMonitor - Task completed > TaskHandler[id: 77; name: NFCORE_PIRA:PIRA:TRANSCRIPT_ASSEMBLY:STRINGTIE_STRINGTIE (SRX12699021); status: COMPLETED; exit: 0; error: -; workDir: /Users/andreperez/Code/research/nfcore/pira/work/af/645c05050636a3600e4b0592c649f5]
Oct-07 17:56:37.526 [Task submitter] DEBUG n.executor.local.LocalTaskHandler - Launch cmd line: /bin/bash -ue .command.run
Oct-07 17:56:37.527 [Task submitter] INFO  nextflow.Session - [2e/f22341] Submitted process > NFCORE_PIRA:PIRA:CTRL3:STRANDEDNESS (SRX12699023)
Oct-07 17:56:37.529 [Task submitter] DEBUG n.executor.local.LocalTaskHandler - Launch cmd line: /bin/bash -ue .command.run
Oct-07 17:56:37.529 [Task submitter] INFO  nextflow.Session - [e6/1d3c4f] Submitted process > NFCORE_PIRA:PIRA:CTRL3:STRANDEDNESS (SRX12699024)
Oct-07 17:56:38.664 [Task monitor] DEBUG n.processor.TaskPollingMonitor - Task completed > TaskHandler[id: 78; name: NFCORE_PIRA:PIRA:TRANSCRIPT_ASSEMBLY:STRINGTIE_STRINGTIE (SRX12699035); status: COMPLETED; exit: 0; error: -; workDir: /Users/andreperez/Code/research/nfcore/pira/work/1f/4856920ea39763f8c7c8795e320b9d]
Oct-07 17:56:38.667 [Task submitter] DEBUG n.executor.local.LocalTaskHandler - Launch cmd line: /bin/bash -ue .command.run
Oct-07 17:56:38.667 [Task submitter] INFO  nextflow.Session - [3f/3dbe00] Submitted process > NFCORE_PIRA:PIRA:CTRL3:STRANDEDNESS (SRX12699031)
Oct-07 17:56:39.864 [Task monitor] DEBUG n.processor.TaskPollingMonitor - Task completed > TaskHandler[id: 80; name: NFCORE_PIRA:PIRA:CTRL3:STRANDEDNESS (SRX12699024); status: COMPLETED; exit: 0; error: -; workDir: /Users/andreperez/Code/research/nfcore/pira/work/e6/1d3c4fb4bdcc03d6ff9966c7d17af6]
Oct-07 17:56:39.872 [Task submitter] DEBUG n.executor.local.LocalTaskHandler - Launch cmd line: /bin/bash -ue .command.run
Oct-07 17:56:39.872 [Task submitter] INFO  nextflow.Session - [0d/675a46] Submitted process > NFCORE_PIRA:PIRA:TRANSCRIPT_ASSEMBLY:STRINGTIE_STRINGTIE (SRX12699024)
Oct-07 17:56:39.994 [Task monitor] DEBUG n.processor.TaskPollingMonitor - Task completed > TaskHandler[id: 79; name: NFCORE_PIRA:PIRA:CTRL3:STRANDEDNESS (SRX12699023); status: COMPLETED; exit: 0; error: -; workDir: /Users/andreperez/Code/research/nfcore/pira/work/2e/f2234179fc0bf722f3f4b1254eda28]
Oct-07 17:56:40.672 [Task monitor] DEBUG n.processor.TaskPollingMonitor - Task completed > TaskHandler[id: 81; name: NFCORE_PIRA:PIRA:CTRL3:STRANDEDNESS (SRX12699031); status: COMPLETED; exit: 0; error: -; workDir: /Users/andreperez/Code/research/nfcore/pira/work/3f/3dbe0083f4ef9b51e9f00f69695abe]
Oct-07 17:56:40.675 [Task submitter] DEBUG n.executor.local.LocalTaskHandler - Launch cmd line: /bin/bash -ue .command.run
Oct-07 17:56:40.675 [Task submitter] INFO  nextflow.Session - [27/1fe020] Submitted process > NFCORE_PIRA:PIRA:TRANSCRIPT_ASSEMBLY:STRINGTIE_STRINGTIE (SRX12699023)
Oct-07 17:56:41.094 [Task monitor] DEBUG n.processor.TaskPollingMonitor - Task completed > TaskHandler[id: 82; name: NFCORE_PIRA:PIRA:TRANSCRIPT_ASSEMBLY:STRINGTIE_STRINGTIE (SRX12699024); status: COMPLETED; exit: 0; error: -; workDir: /Users/andreperez/Code/research/nfcore/pira/work/0d/675a46e97baad78e00c6d6cf96282a]
Oct-07 17:56:41.096 [Task submitter] DEBUG n.executor.local.LocalTaskHandler - Launch cmd line: /bin/bash -ue .command.run
Oct-07 17:56:41.096 [Task submitter] INFO  nextflow.Session - [50/0adaaa] Submitted process > NFCORE_PIRA:PIRA:TRANSCRIPT_ASSEMBLY:STRINGTIE_STRINGTIE (SRX12699031)
Oct-07 17:56:42.054 [Task monitor] DEBUG n.processor.TaskPollingMonitor - Task completed > TaskHandler[id: 83; name: NFCORE_PIRA:PIRA:TRANSCRIPT_ASSEMBLY:STRINGTIE_STRINGTIE (SRX12699023); status: COMPLETED; exit: 0; error: -; workDir: /Users/andreperez/Code/research/nfcore/pira/work/27/1fe020ed438984ecc5645f726715dd]
Oct-07 17:56:42.403 [Task monitor] DEBUG n.processor.TaskPollingMonitor - Task completed > TaskHandler[id: 84; name: NFCORE_PIRA:PIRA:TRANSCRIPT_ASSEMBLY:STRINGTIE_STRINGTIE (SRX12699031); status: COMPLETED; exit: 0; error: -; workDir: /Users/andreperez/Code/research/nfcore/pira/work/50/0adaaa8718a9558a5ff1d7c376cdaa]
Oct-07 17:56:42.414 [Task submitter] DEBUG n.executor.local.LocalTaskHandler - Launch cmd line: /bin/bash -ue .command.run
Oct-07 17:56:42.414 [Task submitter] INFO  nextflow.Session - [b8/749b87] Submitted process > NFCORE_PIRA:PIRA:TRANSCRIPT_MERGE:STRINGTIE_MERGE (1)
Oct-07 17:56:43.630 [Task monitor] DEBUG n.processor.TaskPollingMonitor - Task completed > TaskHandler[id: 85; name: NFCORE_PIRA:PIRA:TRANSCRIPT_MERGE:STRINGTIE_MERGE (1); status: COMPLETED; exit: 0; error: -; workDir: /Users/andreperez/Code/research/nfcore/pira/work/b8/749b8707dc092bf42c266ffea3334d]
Oct-07 17:56:43.638 [Task submitter] DEBUG n.executor.local.LocalTaskHandler - Launch cmd line: /bin/bash -ue .command.run
Oct-07 17:56:43.638 [Task submitter] INFO  nextflow.Session - [de/134cfa] Submitted process > NFCORE_PIRA:PIRA:SPLICING_PRE_WITH_NSS:RMATS_PRE (9DA)
Oct-07 17:56:43.641 [Task submitter] DEBUG n.executor.local.LocalTaskHandler - Launch cmd line: /bin/bash -ue .command.run
Oct-07 17:56:43.641 [Task submitter] INFO  nextflow.Session - [cf/0a2466] Submitted process > NFCORE_PIRA:PIRA:SPLICING_PRE_WITH_NSS:RMATS_PRE (0DY)
Oct-07 17:56:46.075 [Task monitor] DEBUG n.processor.TaskPollingMonitor - Task completed > TaskHandler[id: 87; name: NFCORE_PIRA:PIRA:SPLICING_PRE_WITH_NSS:RMATS_PRE (9DA); status: COMPLETED; exit: 0; error: -; workDir: /Users/andreperez/Code/research/nfcore/pira/work/de/134cfac456a620421335e81d73e552]
Oct-07 17:56:46.152 [Task monitor] DEBUG n.processor.TaskPollingMonitor - Task completed > TaskHandler[id: 86; name: NFCORE_PIRA:PIRA:SPLICING_PRE_WITH_NSS:RMATS_PRE (0DY); status: COMPLETED; exit: 0; error: -; workDir: /Users/andreperez/Code/research/nfcore/pira/work/cf/0a246697f56e1817310140804ecfa6]
Oct-07 17:56:46.165 [Task submitter] DEBUG n.executor.local.LocalTaskHandler - Launch cmd line: /bin/bash -ue .command.run
Oct-07 17:56:46.165 [Task submitter] INFO  nextflow.Session - [62/5c7169] Submitted process > NFCORE_PIRA:PIRA:SPLICING_POS_WITH_NSS:RMATS_POS (0DY_vs_9DA)
Oct-07 17:56:50.520 [Task monitor] DEBUG n.processor.TaskPollingMonitor - Task completed > TaskHandler[id: 88; name: NFCORE_PIRA:PIRA:SPLICING_POS_WITH_NSS:RMATS_POS (0DY_vs_9DA); status: COMPLETED; exit: 0; error: -; workDir: /Users/andreperez/Code/research/nfcore/pira/work/62/5c71694852b09e22f85d5c79f96be6]
Oct-07 17:56:50.526 [Actor Thread 16] DEBUG nextflow.sort.BigSort - Sort completed -- entries: 13; slices: 1; internal sort time: 0.002 s; external sort time: 0.001 s; total time: 0.003 s
Oct-07 17:56:50.528 [Actor Thread 16] DEBUG nextflow.file.FileCollector - Saved collect-files list to: /Users/andreperez/Code/research/nfcore/pira/work/collect-file/1f46659fa75cd0c82fc2ed5a3b7ee180
Oct-07 17:56:50.532 [Actor Thread 16] DEBUG nextflow.file.FileCollector - Deleting file collector temp dir: /var/folders/v2/ntbjh52n4d36ywxk04n8nbgr0000gp/T/nxf-17873024392644920616
Oct-07 17:56:50.544 [Task submitter] DEBUG n.executor.local.LocalTaskHandler - Launch cmd line: /bin/bash -ue .command.run
Oct-07 17:56:50.544 [Task submitter] INFO  nextflow.Session - [05/ce52e5] Submitted process > NFCORE_PIRA:PIRA:MULTIQC
Oct-07 17:56:59.840 [Task monitor] DEBUG n.processor.TaskPollingMonitor - Task completed > TaskHandler[id: 89; name: NFCORE_PIRA:PIRA:MULTIQC; status: COMPLETED; exit: 0; error: -; workDir: /Users/andreperez/Code/research/nfcore/pira/work/05/ce52e52ecc156af01846a6f618c2f1]
Oct-07 17:56:59.854 [main] DEBUG nextflow.Session - Session await > all processes finished
Oct-07 17:56:59.944 [Task monitor] DEBUG n.processor.TaskPollingMonitor - <<< barrier arrives (monitor: local) - terminating tasks monitor poll loop
Oct-07 17:56:59.944 [main] DEBUG nextflow.Session - Session await > all barriers passed
Oct-07 17:56:59.948 [main] DEBUG nextflow.util.ThreadPoolManager - Thread pool 'TaskFinalizer' shutdown completed (hard=false)
Oct-07 17:56:59.949 [main] DEBUG nextflow.util.ThreadPoolManager - Thread pool 'PublishDir' shutdown completed (hard=false)
Oct-07 17:56:59.952 [main] INFO  nextflow.Nextflow - -[0;35m[nf-core/pira][0;32m Pipeline completed successfully[0m-
Oct-07 17:56:59.958 [main] DEBUG n.trace.WorkflowStatsObserver - Workflow completed > WorkflowStats[succeededCount=89; failedCount=0; ignoredCount=0; cachedCount=0; pendingCount=0; submittedCount=0; runningCount=0; retriesCount=0; abortedCount=0; succeedDuration=5m 42s; failedDuration=0ms; cachedDuration=0ms;loadCpus=0; loadMemory=0; peakRunning=5; peakCpus=8; peakMemory=30 GB; ]
Oct-07 17:57:00.227 [main] DEBUG nextflow.trace.ReportObserver - Workflow completed -- rendering execution report
Oct-07 17:57:00.857 [main] DEBUG nextflow.trace.TimelineObserver - Workflow completed -- rendering execution timeline
Oct-07 17:57:00.958 [main] DEBUG nextflow.trace.TraceFileObserver - Workflow completed -- saving trace file
Oct-07 17:57:00.961 [main] DEBUG nextflow.cache.CacheDB - Closing CacheDB done
Oct-07 17:57:00.966 [main] INFO  org.pf4j.AbstractPluginManager - Stop plugin 'nf-schema@2.5.1'
Oct-07 17:57:00.966 [main] DEBUG nextflow.plugin.BasePlugin - Plugin stopped nf-schema
Oct-07 17:57:00.967 [main] DEBUG nextflow.util.ThreadPoolManager - Thread pool 'FileTransfer' shutdown completed (hard=false)
Oct-07 17:57:00.967 [main] DEBUG nextflow.script.ScriptRunner - > Execution complete -- Goodbye
